******************************************************************************
            TI ARM Clang Linker Unix v1.3.0                    
******************************************************************************
>> Linked Mon May  2 20:23:36 2022

OUTPUT FILE NAME:   </home/a0485151/ti/jacinto/workarea/pdk/packages/ti/binary/ipc_echo_test_freertos/bin/j784s4_evm/ipc_echo_test_freertos_mcu4_0_release.xer5f>
ENTRY POINT SYMBOL: "_freertosresetvectors"  address: 00000000


MEMORY CONFIGURATION

         name            origin    length      used     unused   attr    fill
----------------------  --------  ---------  --------  --------  ----  --------
  MCU_R5F_TCMA_VECS     00000000   00000040  00000040  00000000     X
  MCU_R5F_TCMA          00000040   00007fc0  00000d08  000072b8     X
  MCU2_R5F0_ATCM_RSVD   05c00000   00000040  00000000  00000040  RWIX
  MCU2_R5F0_ATCM        05c00040   00007fc0  00000000  00007fc0  RWIX
  MCU2_R5F0_BTCM_RSVD   05c10000   00000040  00000000  00000040  RWIX
  MCU2_R5F0_BTCM        05c10040   00007fc0  00000000  00007fc0  RWIX
  MCU2_R5F1_ATCM_RSVD   05d00000   00000040  00000000  00000040  RWIX
  MCU2_R5F1_ATCM        05d00040   00007fc0  00000000  00007fc0  RWIX
  MCU2_R5F1_BTCM_RSVD   05d10000   00000040  00000000  00000040  RWIX
  MCU2_R5F1_BTCM        05d10040   00007fc0  00000000  00007fc0  RWIX
  MCU3_R5F0_ATCM_RSVD   05e00000   00000040  00000000  00000040  RWIX
  MCU3_R5F0_ATCM        05e00040   00007fc0  00000000  00007fc0  RWIX
  MCU3_R5F0_BTCM_RSVD   05e10000   00000040  00000000  00000040  RWIX
  MCU3_R5F0_BTCM        05e10040   00007fc0  00000000  00007fc0  RWIX
  MCU3_R5F1_ATCM_RSVD   05f00000   00000040  00000000  00000040  RWIX
  MCU3_R5F1_ATCM        05f00040   00007fc0  00000000  00007fc0  RWIX
  MCU3_R5F1_BTCM_RSVD   05f10000   00000040  00000000  00000040  RWIX
  MCU3_R5F1_BTCM        05f10040   00007fc0  00000000  00007fc0  RWIX
  MCU4_R5F0_ATCM_RSVD   06000000   00000040  00000000  00000040  RWIX
  MCU4_R5F0_ATCM        06000040   00007fc0  00000000  00007fc0  RWIX
  MCU4_R5F0_BTCM_RSVD   06010000   00000040  00000000  00000040  RWIX
  MCU4_R5F0_BTCM        06010040   00007fc0  00000000  00007fc0  RWIX
  MCU4_R5F1_ATCM_RSVD   06100000   00000040  00000000  00000040  RWIX
  MCU4_R5F1_ATCM        06100040   00007fc0  00000000  00007fc0  RWIX
  MCU4_R5F1_BTCM_RSVD   06110000   00000040  00000000  00000040  RWIX
  MCU4_R5F1_BTCM        06110040   00007fc0  00000000  00007fc0  RWIX
  MCU1_R5F0_ATCM_RSVD   41000000   00000040  00000000  00000040  RWIX
  MCU1_R5F0_ATCM        41000040   00007fc0  00000000  00007fc0  RWIX
  MCU_R5F_TCMB_VECS     41010000   00000040  00000000  00000040     X
  MCU_R5F_TCMB          41010040   00007fc0  00000000  00007fc0     X
  MCU1_R5F1_ATCM_RSVD   41400000   00000040  00000000  00000040  RWIX
  MCU1_R5F1_ATCM        41400040   00007fc0  00000000  00007fc0  RWIX
  MCU1_R5F1_BTCM_RSVD   41410000   00000040  00000000  00000040  RWIX
  MCU1_R5F1_BTCM        41410040   00007fc0  00000000  00007fc0  RWIX
  OCMC_RAM_BOARD_CFG    41c80000   00002000  00000000  00002000  RWIX
  OCMC_RAM              41c82000   0007db00  00000000  0007db00  RWIX
  OCMC_RAM_X509_HEADER  41cffb00   00000500  00000000  00000500  RWIX
  MSMC3_ARM_FW          70000000   00040000  00000000  00040000  RWIX
  MSMC3                 70040000   007b0000  00000000  007b0000  RWIX
  MSMC3_DMSC_FW         707f0000   00010000  00000000  00010000  RWIX
  DDR0_RESERVED         80000000   20000000  00000000  20000000  RWIX
  MCU1_0_IPC_DATA       a0000000   00100000  00000000  00100000  RWIX
  MCU1_0_EXT_DATA       a0100000   00100000  00000000  00100000  RWIX
  MCU1_0_R5F_MEM_TEXT   a0200000   00100000  00000000  00100000  RWIX
  MCU1_0_R5F_MEM_DATA   a0300000   00100000  00000000  00100000  RWIX
  MCU1_0_DDR_SPACE      a0400000   00c00000  00000000  00c00000  RWIX
  MCU1_1_IPC_DATA       a1000000   00100000  00000000  00100000  RWIX
  MCU1_1_EXT_DATA       a1100000   00100000  00000000  00100000  RWIX
  MCU1_1_R5F_MEM_TEXT   a1200000   00100000  00000000  00100000  RWIX
  MCU1_1_R5F_MEM_DATA   a1300000   00100000  00000000  00100000  RWIX
  MCU1_1_DDR_SPACE      a1400000   00c00000  00000000  00c00000  RWIX
  MCU2_0_IPC_DATA       a2000000   00100000  00000000  00100000  RWIX
  MCU2_0_EXT_DATA       a2100000   00100000  00000000  00100000  RWIX
  MCU2_0_R5F_MEM_TEXT   a2200000   00100000  00000000  00100000  RWIX
  MCU2_0_R5F_MEM_DATA   a2300000   00100000  00000000  00100000  RWIX
  MCU2_0_DDR_SPACE      a2400000   00c00000  00000000  00c00000  RWIX
  MCU2_1_IPC_DATA       a3000000   00100000  00000000  00100000  RWIX
  MCU2_1_EXT_DATA       a3100000   00100000  00000000  00100000  RWIX
  MCU2_1_R5F_MEM_TEXT   a3200000   00100000  00000000  00100000  RWIX
  MCU2_1_R5F_MEM_DATA   a3300000   00100000  00000000  00100000  RWIX
  MCU2_1_DDR_SPACE      a3400000   00c00000  00000000  00c00000  RWIX
  MCU3_0_IPC_DATA       a4000000   00100000  00000000  00100000  RWIX
  MCU3_0_EXT_DATA       a4100000   00100000  00000000  00100000  RWIX
  MCU3_0_R5F_MEM_TEXT   a4200000   00100000  00000000  00100000  RWIX
  MCU3_0_R5F_MEM_DATA   a4300000   00100000  00000000  00100000  RWIX
  MCU3_0_DDR_SPACE      a4400000   00c00000  00000000  00c00000  RWIX
  MCU3_1_IPC_DATA       a5000000   00100000  00000000  00100000  RWIX
  MCU3_1_EXT_DATA       a5100000   00100000  00000000  00100000  RWIX
  MCU3_1_R5F_MEM_TEXT   a5200000   00100000  00000000  00100000  RWIX
  MCU3_1_R5F_MEM_DATA   a5300000   00100000  00000000  00100000  RWIX
  MCU3_1_DDR_SPACE      a5400000   00c00000  00000000  00c00000  RWIX
  MCU4_0_IPC_DATA       a6000000   00100000  00000000  00100000  RWIX
  MCU4_0_EXT_DATA       a6100000   00100000  00080090  0007ff70  RWIX
  MCU4_0_R5F_MEM_TEXT   a6200000   00100000  00000000  00100000  RWIX
  MCU4_0_R5F_MEM_DATA   a6300000   00100000  00000000  00100000  RWIX
  MCU4_0_DDR_SPACE      a6400000   00c00000  00247070  009b8f90  RWIX
  MCU4_1_IPC_DATA       a7000000   00100000  00000000  00100000  RWIX
  MCU4_1_EXT_DATA       a7100000   00100000  00000000  00100000  RWIX
  MCU4_1_R5F_MEM_TEXT   a7200000   00100000  00000000  00100000  RWIX
  MCU4_1_R5F_MEM_DATA   a7300000   00100000  00000000  00100000  RWIX
  MCU4_1_DDR_SPACE      a7400000   00c00000  00000000  00c00000  RWIX
  C7X_IPC_D             a8000000   00100000  00000000  00100000  RWIX
  C7X_EXT_D             a8100000   00100000  00000000  00100000  RWIX
  C7X_TEXT              a8200000   00100000  00000000  00100000  RWIX
  C7X_DATA              a8300000   00100000  00000000  00100000  RWIX
  C7X_DDR_SPACE         a8400000   00c00000  00000000  00c00000  RWIX
  SHARED_DDR_SPACE      aa000000   01c00000  00000000  01c00000  RWIX


SEGMENT ALLOCATION MAP

run origin  load origin   length   init length attrs members
----------  ----------- ---------- ----------- ----- -------
00000000    00000000    00000d48   00000d48    r-x
  00000000    00000000    00000040   00000040    r-x .freertosrstvectors
  00000040    00000040    00000490   00000490    r-x .text.hwi
  000004d0    000004d0    00000448   00000448    r-x .startupCode
  00000918    00000918    00000318   00000318    r-- .startupData
  00000c30    00000c30    00000118   00000118    r-x .bootCode
a6100000    a6100000    0000008c   0000008c    r--
  a6100000    a6100000    0000008c   0000008c    r-- .resource_table
a6100400    a6100400    00080004   00000000    rw-
  a6100400    a6100400    00080004   00000000    rw- .tracebuf
a6400000    a6400000    001f0700   00000000    rw-
  a6400000    a6400000    001f0700   00000000    rw- ipc_data_buffer
a65f0700    a65f0700    000002c0   000002c0    r--
  a65f0700    a65f0700    000002c0   000002c0    r-- .cinit
a65f2000    a65f2000    00031890   00000000    rw-
  a65f2000    a65f2000    00031890   00000000    rw- .bss
a6623890    a6623890    0000f030   0000f030    r-x
  a6623890    a6623890    0000f030   0000f030    r-x .text
a66328c0    a66328c0    00008000   00000000    rw-
  a66328c0    a66328c0    00008000   00000000    rw- .sysmem
a663a900    a663a900    00004900   00000000    rw-
  a663a900    a663a900    00004900   00000000    rw- .data
a663f200    a663f200    000040f0   000040f0    r--
  a663f200    a663f200    000040f0   000040f0    r-- .rodata
a6ffac00    a6ffac00    00001400   00000000    r--
  a6ffac00    a6ffac00    00000100   00000000    r-- .undStack
  a6ffad00    a6ffad00    00000100   00000000    r-- .svcStack
  a6ffae00    a6ffae00    00001000   00000000    r-- .irqStack
  a6ffbe00    a6ffbe00    00000100   00000000    r-- .fiqStack
  a6ffbf00    a6ffbf00    00000100   00000000    r-- .abortStack
a6ffc000    a6ffc000    00004000   00000000    rw-
  a6ffc000    a6ffc000    00004000   00000000    rw- .stack


SECTION ALLOCATION MAP

 output                                  attributes/
section   page    origin      length       input sections
--------  ----  ----------  ----------   ----------------
.freertosrstvectors 
*          0    00000000    00000040     
                  00000000    00000040     ti.kernel.freertos.aer5f : port_Hwi_handlers_asm.oer5f (.freertosrstvectors)

.text.hwi 
*          0    00000040    00000490     
                  00000040    00000254     ti.kernel.freertos.aer5f : portASM.oer5f (.text.hwi)
                  00000294    0000020c                              : port_Hwi.oer5f (.text.hwi)
                  000004a0    00000008     ti.csl.aer5f : csl_vim.oer5f (.tramp.CSL_vimAckIntr.1)
                  000004a8    00000008                  : csl_arm_r5.oer5f (.tramp.CSL_armR5IntrEnableFiq.1)
                  000004b0    00000008                  : csl_vim.oer5f (.tramp.CSL_vimClrIntrPending.1)
                  000004b8    00000008                  : csl_vim.oer5f (.tramp.CSL_vimGetIntrType.1)
                  000004c0    00000008                  : csl_vim.oer5f (.tramp.CSL_vimGetActivePendingIntr.1)
                  000004c8    00000008                  : csl_vim.oer5f (.tramp.CSL_vimGetFiqVectorAddress.1)

.startupCode 
*          0    000004d0    00000448     
                  000004d0    00000278     ti.csl.init.aer5f : startup.oer5f (.startupCode)
                  00000748    000001cc                       : r5_startup.oer5f (.startupCode)
                  00000914    00000004     --HOLE-- [fill = 00000000]

.text.cache 
*          0    000004d0    00000000     UNINITIALIZED

.text.mpu 
*          0    000004d0    00000000     UNINITIALIZED

.text.boot 
*          0    000004d0    00000000     UNINITIALIZED

.startupData 
*          0    00000918    00000318     
                  00000918    00000314     ti.csl.init.aer5f : startup.oer5f (.startupData)
                  00000c2c    00000004     --HOLE-- [fill = 00000000]

.bootCode 
*          0    00000c30    00000118     
                  00000c30    000000fc     ti.csl.init.aer5f : boot.oer5f (.bootCode)
                  00000d2c    00000008     libc.a : exit.c.obj (.tramp.abort.1)
                  00000d34    00000008            : args_main.c.obj (.tramp._args_main.1)
                  00000d3c    00000008            : autoinit.c.obj (.tramp.__TI_auto_init_nobinit_nopinit.1)
                  00000d44    00000004     --HOLE-- [fill = 00000000]

.resource_table 
*          0    a6100000    0000008c     
                  a6100000    0000008c     ipc_testsetup.oer5f (.resource_table)

.tracebuf 
*          0    a6100400    00080004     UNINITIALIZED
                  a6100400    00080004     ipc_trace.oer5f (.tracebuf)

.cinit     0    a65f0700    000002c0     
                  a65f0700    0000028b     (.cinit..data.load) [load image, compression = lzss]
                  a65f098b    00000001     --HOLE-- [fill = 00000000]
                  a65f098c    0000000c     (__TI_handler_table)
                  a65f0998    00000008     (.cinit..bss.load) [load image, compression = zero_init]
                  a65f09a0    00000008     (.cinit..tracebuf.load) [load image, compression = zero_init]
                  a65f09a8    00000018     (__TI_cinit_table)

.bss       0    a65f2000    00031890     UNINITIALIZED
                  a65f2000    0001e000     (.common:g_taskStackBuf)
                  a6610000    00008000     main_rtos.oer5f (.bss.gAppTskStackMain)
                  a6618000    00007bc0     ti.osal.aer5f : SemaphoreP_freertos.oer5f (.bss.gOsalSemPfreertosPool)
                  a661fbc0    00001868     ipc.aer5f : ipc_api.oer5f (.bss.module)
                  a6621428    00000af0     ti.osal.aer5f : TaskP_freertos.oer5f (.bss.gOsalFreertosTaskObjPool)
                  a6621f18    000008a0     (.common:g_ipc_mBoxData)
                  a66227b8    0000045c     ipc.aer5f : ipc_api.oer5f (.bss.gIpcObject)
                  a6622c14    00000004     ti.osal.aer5f : TimerP_nonos.oer5f (.bss.gTimerAnyMask)
                  a6622c18    00000280                   : TaskP_freertos.oer5f (.bss.gOsalTaskPfreertosPool)
                  a6622e98    00000220     ipc.aer5f : ipc_mp.oer5f (.bss.g_ipcMpConfig)
                  a66230b8    000001f8     ti.osal.aer5f : LoadP_freertos.oer5f (.bss.gLoadP_freertos)
                  a66232b0    00000140                   : Arch_util.oer5f (.bss.hwiStructs)
                  a66233f0    00000140     ti.kernel.freertos.aer5f : tasks.oer5f (.bss.pxReadyTasksLists)
                  a6623530    00000118     ipc.aer5f : ipc_virtio.oer5f (.bss.g_vqTable)
                  a6623648    00000100     (.common:xQueueRegistry)
                  a6623748    00000070               : ipc_virtio.oer5f (.bss.queueRegistry)
                  a66237b8    00000050     (.common:gRovDummyQueue)
                  a6623808    00000038     (.common:gIpcRProcIdToMBoxDataMap)
                  a6623840    00000028     sciclient.aer5f : sciclient_rm_irq.oer5f (.bss.gPstack)
                  a6623868    00000018     (.common:gTimerCntrl)
                  a6623880    00000008     ti.kernel.freertos.aer5f : heap_4.oer5f (.bss.xStart)
                  a6623888    00000004     ti.osal.aer5f : Arch_util.oer5f (.bss.gVimRegs)
                  a662388c    00000004     (.common:gVimBaseAddr)

.text      0    a6623890    0000f030     
                  a6623890    000013b4     libc.a : _scanfi.c.obj (.text.__TI_scanfi)
                  a6624c44    00000ed0            : _printfi.c.obj (.text:__TI_printfi)
                  a6625b14    00000864     sciclient.aer5f : sciclient_rm_irq.oer5f (.text.Sciclient_rmIrqFindRoute)
                  a6626378    00000550     ti.osal.aer5f : TimerP_nonos.oer5f (.text.TimerP_create)
                  a66268c8    000004c4     libc.a : strtod.c.obj (.text.strtod)
                  a6626d8c    00000414     sciclient.aer5f : sciclient.oer5f (.text.Sciclient_serviceSecureProxy)
                  a66271a0    000003cc                     : sciclient_rm_irq.oer5f (.text.Sciclient_rmIrqGetRoute)
                  a662756c    00000334                     : sciclient_rm_irq.oer5f (.text.Sciclient_rmProgramInterruptRoute)
                  a66278a0    000002e8     ti.kernel.freertos.aer5f : timers.oer5f (.text.prvTimerTask)
                  a6627b88    000002dc     ti.csl.aer5f : csl_arm_r5.oer5f (.text)
                  a6627e64    00000284     libc.a : strtoll.c.obj (.text.strtoll)
                  a66280e8    00000278            : _printfi.c.obj (.text._pconv_a)
                  a6628360    00000274     sciclient.aer5f : sciclient_rm_irq.oer5f (.text.Sciclient_rmClearInterruptRoute)
                  a66285d4    00000258     ipc_testsetup.oer5f (.text.Ipc_echo_test)
                  a662882c    00000244     sciclient.aer5f : sciclient.oer5f (.text.Sciclient_init)
                  a6628a70    0000023c     ipc_testsetup.oer5f (.text.rpmsg_responderFxn)
                  a6628cac    00000234     ipc.aer5f : ipc_api.oer5f (.text.RPMessage_init)
                  a6628ee0    00000230     libc.a : _printfi.c.obj (.text._pconv_g)
                  a6629110    00000230     ipc_testsetup.oer5f (.text.rpmsg_senderFxn)
                  a6629340    0000022c     ipc.aer5f : ipc_mailbox.oer5f (.text.Ipc_mailboxRegister)
                  a662956c    00000224     ti.kernel.freertos.aer5f : queue.oer5f (.text.xQueueSemaphoreTake)
                  a6629790    00000220     ipc.aer5f : ipc_api.oer5f (.text.RPMessage_ctrlMsgTask)
                  a66299b0    00000220     libc.a : strtoull.c.obj (.text.strtoull)
                  a6629bd0    00000204            : strtol.c.obj (.text.strtol)
                  a6629dd4    000001f8     ipc.aer5f : ipc_api.oer5f (.text.RPMessage_getRemoteEndPtToken)
                  a6629fcc    000001f4     ti.kernel.freertos.aer5f : queue.oer5f (.text.xQueueGenericSend)
                  a662a1c0    000001d0     libc.a : strtoul.c.obj (.text.strtoul)
                  a662a390    000001d0     libclang_rt.builtins.a : udivsi3.S.obj (.text)
                  a662a560    000001c4     ipc.aer5f : ipc_api.oer5f (.text.RPMessage_send)
                  a662a724    000001b0     ti.kernel.freertos.aer5f : queue.oer5f (.text.xQueueReceive)
                  a662a8d4    000001ac     ti.osal.aer5f : Arch_util.oer5f (.text.OsalArch_HwiPCreate)
                  a662aa80    0000019c     ipc.aer5f : ipc_api.oer5f (.text.RPMessage_rawCreate)
                  a662ac1c    0000019c               : ipc_api.oer5f (.text.RPMessage_recv)
                  a662adb8    00000194               : ipc_api.oer5f (.text.RPMessage_enqueMsg)
                  a662af4c    0000018c     ti.osal.aer5f : TaskP_freertos.oer5f (.text.TaskP_create)
                  a662b0d8    00000180     libsysbm.a : memcpy32.S.obj (.text:memcpy)
                  a662b258    00000168     ti.osal.aer5f : SemaphoreP_freertos.oer5f (.text.SemaphoreP_create)
                  a662b3c0    0000015c     sciclient.aer5f : sciclient_rm_irq.oer5f (.text.Sciclient_rmIrqDeleteRoute)
                  a662b51c    00000158                     : sciclient_rm_irq.oer5f (.text.Sciclient_rmIrqProgramRoute)
                  a662b674    00000004     ti.osal.aer5f : CacheP_nonos.oer5f (.text.CacheP_Inv)
                  a662b678    00000148     libc.a : _printfi.c.obj (.text.fcvt)
                  a662b7c0    00000144     ti.kernel.freertos.aer5f : tasks.oer5f (.text.xTaskIncrementTick)
                  a662b904    00000004     ti.osal.aer5f : DebugP_nonos.oer5f (.text.DebugP_log1)
                  a662b908    00000140     libc.a : s_scalbn.c.obj (.text.scalbn)
                  a662ba48    00000134     ipc.aer5f : ipc_virtio.oer5f (.text.Virtio_create)
                  a662bb7c    00000130               : ipc_api.oer5f (.text.RPMessage_announce)
                  a662bcac    00000130               : ipc_virtio.oer5f (.text.VirtioIPC_createVirtioCorePair)
                  a662bddc    00000004     ti.osal.aer5f : HwiP_freertos.oer5f (.text.HwiP_clearInterrupt)
                  a662bde0    00000130     libc.a : _printfi.c.obj (.text._pconv_e)
                  a662bf10    0000012c     ti.kernel.freertos.aer5f : tasks.oer5f (.text.xTaskResumeAll)
                  a662c03c    00000128                              : tasks.oer5f (.text.prvAddNewTaskToReadyList)
                  a662c164    00000124                              : tasks.oer5f (.text.vTaskSwitchContext)
                  a662c288    00000120     ti.osal.aer5f : LoadP_freertos.oer5f (.text.LoadP_update)
                  a662c3a8    0000011c     ti.kernel.freertos.aer5f : queue.oer5f (.text.xQueueGenericSendFromISR)
                  a662c4c4    00000118     ti.osal.aer5f : TimerP_nonos.oer5f (.text.TimerP_dmTimerSetMicroSeconds)
                  a662c5dc    00000118     ti.kernel.freertos.aer5f : tasks.oer5f (.text.vTaskSuspend)
                  a662c6f4    00000118     libclang_rt.builtins.a : udivmoddi4.S.obj (.text)
                  a662c80c    0000010c     ipc.aer5f : ipc_api.oer5f (.text.RPMessage_delete)
                  a662c918    00000100     ti.osal.aer5f : TimerP_nonos.oer5f (.text.TimerP_start)
                  a662ca18    000000fc     ti.kernel.freertos.aer5f : tasks.oer5f (.text.prvInitialiseNewTask)
                  a662cb14    000000f8                              : timers.oer5f (.text.prvSampleTimeNow)
                  a662cc0c    000000f8                              : queue.oer5f (.text.xQueueGiveFromISR)
                  a662cd04    000000f4                              : port.oer5f (.text.pxPortInitialiseStack)
                  a662cdf8    000000f4                              : tasks.oer5f (.text.vTaskPriorityDisinheritAfterTimeout)
                  a662ceec    000000f4                              : tasks.oer5f (.text.xTaskPriorityInherit)
                  a662cfe0    000000e8     sciclient.aer5f : sciclient.oer5f (.text.Sciclient_serviceGetThreadIds)
                  a662d0c8    000000e8     ti.kernel.freertos.aer5f : tasks.oer5f (.text.vTaskGetInfo)
                  a662d1b0    000000e8                              : queue.oer5f (.text.xQueueGenericCreateStatic)
                  a662d298    000000e8                              : queue.oer5f (.text.xQueueReceiveFromISR)
                  a662d380    000000e0     ipc.aer5f : ipc_api.oer5f (.text.Ipc_init)
                  a662d460    000000e0     ti.kernel.freertos.aer5f : tasks.oer5f (.text.xTaskPriorityDisinherit)
                  a662d540    000000dc     sciclient.aer5f : sciclient_secureproxy.oer5f (.text.Sciclient_sendMessage)
                  a662d61c    000000d8                     : sciclient_rm_irq.oer5f (.text.Sciclient_rmIrInpIsFree)
                  a662d6f4    000000d4     ipc.aer5f : ipc_mailbox.oer5f (.text.Ipc_mailboxSend)
                  a662d7c8    000000d4               : ipc_virtio.oer5f (.text.Ipc_updateVirtioInfo)
                  a662d89c    000000d4     ti.kernel.freertos.aer5f : queue.oer5f (.text.prvCopyDataToQueue)
                  a662d970    000000d0     libc.a : sscanf.c.obj (.text._chkmbc)
                  a662da40    000000d0     ti.kernel.freertos.aer5f : tasks.oer5f (.text.xTaskCreateStatic)
                  a662db10    000000cc                              : tasks.oer5f (.text.vTaskStartScheduler)
                  a662dbdc    000000c4     ipc.aer5f : ipc_soc.oer5f (.text.Ipc_getIntNumRange)
                  a662dca0    000000c4               : ipc_soc.oer5f (.text.Ipc_setCoreEventId)
                  a662dd64    000000c4     sciclient.aer5f : sciclient.oer5f (.text.Sciclient_ISR)
                  a662de28    000000c4     ti.kernel.freertos.aer5f : port.oer5f (.text.xPortStartScheduler)
                  a662deec    000000c0     sciclient.aer5f : sciclient.oer5f (.text.Sciclient_servicePrepareHeader)
                  a662dfac    000000c0     ti.kernel.freertos.aer5f : heap_4.oer5f (.text.vPortFree)
                  a662e06c    000000bc     ipc.aer5f : ipc_mailbox.oer5f (.text.Ipc_mailboxInternalCallback)
                  a662e128    000000bc     sciclient.aer5f : sciclient_rm_irq.oer5f (.text.Sciclient_rmTranslateIntOutput)
                  a662e1e4    000000bc     ipc.aer5f : ipc_virtio.oer5f (.text.VirtioIPC_init)
                  a662e2a0    000000bc     libc.a : _printfi.c.obj (.text._mcpy)
                  a662e35c    000000bc     ti.kernel.freertos.aer5f : tasks.oer5f (.text.xTaskCheckForTimeOut)
                  a662e418    000000b8     ipc.aer5f : ipc_osal.oer5f (.text.IpcOsalPrms_init)
                  a662e4d0    000000b8               : ipc_api.oer5f (.text.RPMessage_swiLinuxFxn)
                  a662e588    000000b8     ti.kernel.freertos.aer5f : tasks.oer5f (.text.prvAddCurrentTaskToDelayedList)
                  a662e640    000000b4     sciclient.aer5f : sciclient_rm_irq.oer5f (.text.Sciclient_rmIrOutpIsFree)
                  a662e6f4    000000b4     ti.kernel.freertos.aer5f : tasks.oer5f (.text.eTaskGetState)
                  a662e7a8    000000b0     ipc.aer5f : ipc_utils.oer5f (.text.IpcUtils_HeapCreate)
                  a662e858    000000b0     ti.kernel.freertos.aer5f : tasks.oer5f (.text.xTaskRemoveFromEventList)
                  a662e908    000000ac     libc.a : copy_decompress_lzss.c.obj (.text:decompress:lzss)
                  a662e9b4    000000a8     ti.kernel.freertos.aer5f : port_Hwi.oer5f (.text.Intc_IntRegister)
                  a662ea5c    000000a4     ipc_trace.oer5f (.text.Ipc_Trace_printf)
                  a662eb00    000000a4     ti.csl.aer5f : timer.oer5f (.text.TIMERModeConfigure)
                  a662eba4    000000a4     ti.kernel.freertos.aer5f : queue.oer5f (.text.prvUnlockQueue)
                  a662ec48    000000a4                              : timers.oer5f (.text.xTimerCreateTimerTask)
                  a662ecec    000000a0                              : queue.oer5f (.text.xQueueGenericReset)
                  a662ed8c    000000a0     libsysbm.a : memset32.S.obj (.text:memset)
                  a662ee2c    0000009c     ti.csl.aer5f : csl_vim.oer5f (.text.CSL_vimCfgIntr)
                  a662eec8    0000009c     sciclient.aer5f : sciclient_rm.oer5f (.text.Sciclient_rmGetResourceRange)
                  a662ef64    0000009c     ipc.aer5f : ipc_utils.oer5f (.text.SystemP_printf)
                  a662f000    00000098               : ipc_api.oer5f (.text.RPMessage_swiFxn)
                  a662f098    00000098     ti.kernel.freertos.aer5f : timers.oer5f (.text.xTimerGenericCommand)
                  a662f130    00000094     sciclient.aer5f : sciclient_rm_irq.oer5f (.text.Sciclient_rmIrqCfgIsEventToVintMappingOnly)
                  a662f1c4    0000008c     ipc.aer5f : ipc_mp.oer5f (.text.Ipc_mpSetConfig)
                  a662f250    0000008c     sciclient.aer5f : sciclient_rm_irq.oer5f (.text.Sciclient_rmIrqGetNode)
                  a662f2dc    0000008c                     : sciclient_rm.oer5f (.text.Sciclient_rmIrqReleaseRaw)
                  a662f368    0000008c                     : sciclient_rm.oer5f (.text.Sciclient_rmIrqSetRaw)
                  a662f3f4    0000008c     ti.osal.aer5f : TimerP_nonos.oer5f (.text.TimerP_stop)
                  a662f480    00000088     ipc.aer5f : ipc_virtio.oer5f (.text.Ipc_initVirtIO)
                  a662f508    00000088     libc.a : _ltoa.c.obj (.text.__TI_ltoa)
                  a662f590    00000088            : _printfi.c.obj (.text._ecpy)
                  a662f618    00000084     ti.osal.aer5f : RegisterIntr_nonos.oer5f (.text.Osal_RegisterInterrupt)
                  a662f69c    00000084     sciclient.aer5f : sciclient_rm_irq.oer5f (.text.Sciclient_rmPsPop)
                  a662f720    00000080                     : sciclient.oer5f (.text.Sciclient_abiCheck)
                  a662f7a0    00000080                     : sciclient.oer5f (.text.Sciclient_serviceGetPayloadSize)
                  a662f820    00000080     ipc.aer5f : ipc_virtio.oer5f (.text.Virtio_getAvailBuf)
                  a662f8a0    00000080     ti.kernel.freertos.aer5f : timers.oer5f (.text.prvCheckForValidListAndQueue)
                  a662f920    0000007c     ipc.aer5f : ipc_virtio.oer5f (.text.Virtio_addAvailBuf)
                  a662f99c    00000004     ti.osal.aer5f : HwiP_freertos.oer5f (.text.HwiP_disableInterrupt)
                  a662f9a0    0000007c     libc.a : s_frexp.c.obj (.text.frexp)
                  a662fa1c    00000078     ti.osal.aer5f : SemaphoreP_freertos.oer5f (.text.SemaphoreP_pend)
                  a662fa94    00000078     ti.kernel.freertos.aer5f : tasks.oer5f (.text.prvIdleTask)
                  a662fb0c    00000078                              : heap_4.oer5f (.text.prvInsertBlockIntoFreeList)
                  a662fb84    00000074     ti.osal.aer5f : SemaphoreP_freertos.oer5f (.text.SemaphoreP_constructBinary)
                  a662fbf8    00000074     ipc.aer5f : ipc_virtio.oer5f (.text.VirtioIPC_getVirtQueues)
                  a662fc6c    00000074     libc.a : _printfi.c.obj (.text._pconv_f)
                  a662fce0    00000074            : snprintf.c.obj (.text.snprintf)
                  a662fd54    00000070     ipc.aer5f : ipc_virtio.oer5f (.text.Ipc_physToVirt)
                  a662fdc4    00000070               : ipc_virtio.oer5f (.text.Ipc_virtToPhys)
                  a662fe34    00000070               : ipc_osal.oer5f (.text.Mailbox_plugInterrupt)
                  a662fea4    0000006c     ti.csl.aer5f : interrupt.oer5f (.text.Intc_Init)
                  a662ff10    0000006c     ti.osal.aer5f : SemaphoreP_freertos.oer5f (.text.SemaphoreP_delete)
                  a662ff7c    0000006c     libc.a : atoi.c.obj (.text.atoi)
                  a662ffe8    0000006c     ti.kernel.freertos.aer5f : queue.oer5f (.text.xQueueCreateCountingSemaphoreStatic)
                  a6630054    00000068     ipc.aer5f : ipc_soc.oer5f (.text.Ipc_sciclientIrqSet)
                  a66300bc    00000068     ti.osal.aer5f : SemaphoreP_freertos.oer5f (.text.SemaphoreP_post)
                  a6630124    00000068     ti.kernel.freertos.aer5f : timers.oer5f (.text.prvInsertTimerInActiveList)
                  a663018c    00000064     ipc.aer5f : ipc_soc.oer5f (.text.Ipc_sciclientIrqRelease)
                  a66301f0    00000064               : ipc_api.oer5f (.text.RPMessage_checkForMessages)
                  a6630254    00000064     ti.kernel.freertos.aer5f : port.oer5f (.text.uxPortGetTimeInUsec)
                  a66302b8    00000064                              : tasks.oer5f (.text.vTaskDelay)
                  a663031c    00000064     libc.a : vsnprintf.c.obj (.text.vsnprintf)
                  a6630380    00000060     ipc.aer5f : ipc_mp.oer5f (.text.Ipc_mpGetName)
                  a66303e0    00000060     ti.osal.aer5f : LoadP_freertos.oer5f (.text.LoadP_addTask)
                  a6630440    00000060                   : TimerP_nonos.oer5f (.text.TimerP_Params_init)
                  a66304a0    00000060     main_rtos.oer5f (.text.main)
                  a6630500    00000060     ti.kernel.freertos.aer5f : queue.oer5f (.text.vQueueWaitForMessageRestricted)
                  a6630560    0000005c     ti.csl.aer5f : csl_vim.oer5f (.text.CSL_vimGetActivePendingIntr)
                  a66305bc    0000005c     ipc.aer5f : ipc_soc.oer5f (.text.Ipc_getMailboxInfoTx)
                  a6630618    0000005c     sciclient.aer5f : sciclient_rm_irq.oer5f (.text.Sciclient_rmIrqUnmappedVintRouteDelete)
                  a6630674    0000005c     ti.csl.aer5f : timer.oer5f (.text.TIMERReset)
                  a66306d0    0000005c     libc.a : autoinit.c.obj (.text:__TI_auto_init_nobinit_nopinit)
                  a663072c    00000058     ipc.aer5f : ipc_soc.oer5f (.text.Ipc_getMailboxInfoRx)
                  a6630784    00000058               : ipc_api.oer5f (.text.RPMessage_create)
                  a66307dc    00000058     ti.osal.aer5f : TimerP_default.oer5f (.text.TimerP_updateDefaultInfoTbl)
                  a6630834    00000058     ipc.aer5f : ipc_virtio.oer5f (.text.Virtio_getUsedBuf)
                  a663088c    00000058     libc.a : _printfi.c.obj (.text._fcpy)
                  a66308e4    00000058            : snprintf.c.obj (.text._outs)
                  a663093c    00000058            : vsnprintf.c.obj (.text._outs)
                  a6630994    00000058     ti.kernel.freertos.aer5f : list.oer5f (.text.vListInsert)
                  a66309ec    00000058                              : tasks.oer5f (.text.vTaskPlaceOnEventListRestricted)
                  a6630a44    00000054     ti.csl.aer5f : timer.oer5f (.text.TimerWaitForWrite)
                  a6630a98    00000050     sciclient.aer5f : sciclient.oer5f (.text.Sciclient_getCurrentContext)
                  a6630ae8    00000050     ti.kernel.freertos.aer5f : tasks.oer5f (.text.prvDeleteTCB)
                  a6630b38    0000004c     ipc.aer5f : ipc_utils.oer5f (.text.IpcUtils_HeapAlloc)
                  a6630b84    0000004c     sciclient.aer5f : sciclient_rm_irq.oer5f (.text.Sciclient_rmPsPush)
                  a6630bd0    0000004c     libc.a : sscanf.c.obj (.text.sscanf)
                  a6630c1c    0000004c     ti.kernel.freertos.aer5f : tasks.oer5f (.text.vTaskPlaceOnEventList)
                  a6630c68    00000048     ti.csl.aer5f : csl_vim.oer5f (.text.CSL_vimClrIntrPending)
                  a6630cb0    00000048                  : csl_vim.oer5f (.text.CSL_vimSetIntrEnable)
                  a6630cf8    00000048     ipc.aer5f : ipc_api.oer5f (.text.IpcInitPrms_init)
                  a6630d40    00000048               : ipc_virtio.oer5f (.text.Ipc_isRemoteReady)
                  a6630d88    00000048     sciclient.aer5f : sciclient_secureproxy.oer5f (.text.Sciclient_flush)
                  a6630dd0    00000048                     : sciclient_rm_irq.oer5f (.text.Sciclient_rmIaVintGetInfo)
                  a6630e18    00000048     ti.osal.aer5f : TimerP_nonos.oer5f (.text.TimerP_getTimerBaseAddr)
                  a6630e60    00000048     ipc.aer5f : ipc_virtio.oer5f (.text.Virtio_kick)
                  a6630ea8    00000048     main_rtos.oer5f (.text.ipc_initSciclient)
                  a6630ef0    00000048     libc.a : memccpy.c.obj (.text.memccpy)
                  a6630f38    00000048     ipc.aer5f : ipc_mp.oer5f (.text.strncpy)
                  a6630f80    00000048     ti.kernel.freertos.aer5f : port.oer5f (.text.vPortExitCritical)
                  a6630fc8    00000048     libc.a : vsprintf.c.obj (.text.vsprintf)
                  a6631010    00000044     ipc.aer5f : ipc_utils.oer5f (.text.IpcUtils_HeapFree)
                  a6631054    00000044               : ipc_soc.oer5f (.text.Ipc_getMailboxIntrRouterCfg)
                  a6631098    00000044               : ipc_virtio.oer5f (.text.Ipc_isRemoteVirtioCreated)
                  a66310dc    00000044               : ipc_mailbox.oer5f (.text.Ipc_mailboxEnableNewMsgInt)
                  a6631120    00000044     ti.osal.aer5f : RegisterIntr_nonos.oer5f (.text.Osal_RegisterInterrupt_initParams)
                  a6631164    00000044     ti.csl.aer5f : timer.oer5f (.text.TIMERCounterGet2)
                  a66311a8    00000044                  : timer.oer5f (.text.TIMERDisable)
                  a66311ec    00000044                  : timer.oer5f (.text.TIMEREnable)
                  a6631230    00000044                  : timer.oer5f (.text.TIMERReloadGet2)
                  a6631274    00000044     ti.osal.aer5f : TimerP_nonos.oer5f (.text.TimerP_dmTimerStub)
                  a66312b8    00000040                   : SemaphoreP_freertos.oer5f (.text.SemaphoreP_constructCounting)
                  a66312f8    00000040     ti.csl.aer5f : timer.oer5f (.text.TIMERCompareSet)
                  a6631338    00000040                  : timer.oer5f (.text.TIMERCounterSet)
                  a6631378    00000040                  : timer.oer5f (.text.TIMERReloadSet)
                  a66313b8    00000040     ipc.aer5f : ipc_virtio.oer5f (.text.Virtio_isr)
                  a66313f8    00000040               : ipc_api.oer5f (.text.strncpy)
                  a6631438    00000040     ti.kernel.freertos.aer5f : list.oer5f (.text.uxListRemove)
                  a6631478    00000040                              : port.oer5f (.text.vPortEnterCritical)
                  a66314b8    00000040                              : queue.oer5f (.text.vQueueDelete)
                  a66314f8    0000003c     ti.osal.aer5f : HwiP_freertos.oer5f (.text.HwiP_create)
                  a6631534    0000003c     ipc.aer5f : ipc_virtio.oer5f (.text.Ipc_allocVirtio)
                  a6631570    0000003c     ti.osal.aer5f : SemaphoreP_freertos.oer5f (.text.SemaphoreP_Params_init)
                  a66315ac    0000003c                   : TaskP_freertos.oer5f (.text.TaskP_getFreertosHandle)
                  a66315e8    0000003c     ipc.aer5f : ipc_virtio.oer5f (.text.Virtio_prime)
                  a6631624    0000003c     ti.kernel.freertos.aer5f : queue.oer5f (.text.vQueueUnregisterQueue)
                  a6631660    00000038     ti.csl.aer5f : csl_cache.oer5f (.text.CSL_armR5CacheInv)
                  a6631698    00000038                  : csl_vim.oer5f (.text.CSL_vimAckIntr)
                  a66316d0    00000038                  : csl_vim.oer5f (.text.CSL_vimGetIntrType)
                  a6631708    00000038     sciclient.aer5f : sciclient_rm_irq.oer5f (.text.Sciclient_rmIaGetInst)
                  a6631740    00000038                     : sciclient_rm_irq.oer5f (.text.Sciclient_rmIrGetInst)
                  a6631778    00000038                     : sciclient_secureproxy.oer5f (.text.Sciclient_waitThread)
                  a66317b0    00000038     ti.csl.aer5f : timer.oer5f (.text.TIMERPostedModeConfig)
                  a66317e8    00000038     ti.osal.aer5f : TaskP_freertos.oer5f (.text.TaskP_Function)
                  a6631820    00000038     ipc.aer5f : ipc_virtio.oer5f (.text.Virtio_addUsedBuf)
                  a6631858    00000038               : ipc_api.oer5f (.text.strncmp)
                  a6631890    00000038     ti.osal.aer5f : LoadP_freertos.oer5f (.text.vApplicationLoadHook)
                  a66318c8    00000034                   : HwiP_freertos.oer5f (.text.HwiP_restore)
                  a66318fc    00000034     ti.csl.aer5f : interrupt.oer5f (.text.Intc_IntClrPend)
                  a6631930    00000034     ipc.aer5f : ipc_utils.oer5f (.text.IpcUtils_Qput)
                  a6631964    00000034               : ipc_osal.oer5f (.text.Ipc_osalHIsrPost)
                  a6631998    00000034               : ipc_soc.oer5f (.text.Ipc_sciclientIrqTranslate)
                  a66319cc    00000034     ti.csl.aer5f : timer.oer5f (.text.TIMERReadModeConfig)
                  a6631a00    00000034     ti.osal.aer5f : TaskP_freertos.oer5f (.text.TaskP_Params_init)
                  a6631a34    00000034     ti.kernel.freertos.aer5f : queue.oer5f (.text.prvCopyDataFromQueue)
                  a6631a68    00000034                              : queue.oer5f (.text.prvInitialiseNewQueue)
                  a6631a9c    00000034                              : tasks.oer5f (.text.prvResetNextTaskUnblockTime)
                  a6631ad0    00000034                              : queue.oer5f (.text.vQueueAddToRegistry)
                  a6631b04    00000030     ti.osal.aer5f : HwiP_freertos.oer5f (.text.HwiP_disable)
                  a6631b34    00000030     ipc.aer5f : ipc_utils.oer5f (.text.IpcUtils_Qcreate)
                  a6631b64    00000030               : ipc_osal.oer5f (.text.Ipc_osalHIsrCreate)
                  a6631b94    00000030     ti.osal.aer5f : TimerP_nonos.oer5f (.text.TimerP_getCount)
                  a6631bc4    00000030                   : TimerP_nonos.oer5f (.text.TimerP_getReloadCount)
                  a6631bf4    00000030     libc.a : snprintf.c.obj (.text._outc)
                  a6631c24    00000030            : vsnprintf.c.obj (.text._outc)
                  a6631c54    00000030     ti.kernel.freertos.aer5f : list.oer5f (.text.vListInsertEnd)
                  a6631c84    0000002c     ti.csl.aer5f : interrupt.oer5f (.text.Intc_IntPrioritySet)
                  a6631cb0    0000002c     ipc.aer5f : ipc_utils.oer5f (.text.IpcUtils_QgetHead)
                  a6631cdc    0000002c     ti.osal.aer5f : Utils_freertos.oer5f (.text.Osal_delay)
                  a6631d08    0000002c                   : Utils_freertos.oer5f (.text.Osal_getThreadType)
                  a6631d34    0000002c     ipc.aer5f : ipc_api.oer5f (.text.RPMessageParams_init)
                  a6631d60    0000002c     sciclient.aer5f : sciclient.oer5f (.text.Sciclient_configPrmsInit)
                  a6631d8c    0000002c                     : sciclient_secureproxy.oer5f (.text.Sciclient_readThread32)
                  a6631db8    0000002c     libc.a : vsprintf.c.obj (.text._outs)
                  a6631de4    0000002c     ti.kernel.freertos.aer5f : port.oer5f (.text.vPortTimerTickHandler)
                  a6631e10    0000002c     libclang_rt.builtins.a : divsi3.S.obj (.text)
                  a6631e3c    00000028     ti.csl.aer5f : csl_r5.oer5f (.text.CSL_armR5GetCpuID)
                  a6631e64    00000028     ipc.aer5f : ipc_utils.oer5f (.text.IpcUtils_QgetHeadNode)
                  a6631e8c    00000028               : ipc_mp.oer5f (.text.Ipc_mpGetRemoteProcId)
                  a6631eb4    00000028     ti.csl.aer5f : timer.oer5f (.text.TIMERIntDisable)
                  a6631edc    00000028                  : timer.oer5f (.text.TIMERIntEnable)
                  a6631f04    00000028                  : timer.oer5f (.text.TIMERIntStatusClear)
                  a6631f2c    00000028     ti.osal.aer5f : TimerP_default.oer5f (.text.TimerP_mapId)
                  a6631f54    00000028     ipc.aer5f : ipc_virtio.oer5f (.text.Virtio_setCallback)
                  a6631f7c    00000028     ti.kernel.freertos.aer5f : tasks.oer5f (.text.pvTaskIncrementMutexHeldCount)
                  a6631fa4    00000028     libc.a : _printfi.c.obj (.text.strchr)
                  a6631fcc    00000028     ti.kernel.freertos.aer5f : port.oer5f (.text.vApplicationStackOverflowHook)
                  a6631ff4    00000028                              : tasks.oer5f (.text.xTaskGetSchedulerState)
                  a663201c    00000024     ti.csl.aer5f : interrupt.oer5f (.text.Intc_IntDisable)
                  a6632040    00000024                  : interrupt.oer5f (.text.Intc_IntEnable)
                  a6632064    00000024     ipc.aer5f : ipc_soc.oer5f (.text.Ipc_getCoreName)
                  a6632088    00000024               : ipc_osal.oer5f (.text.Ipc_osalMutexCreate)
                  a66320ac    00000024     sciclient.aer5f : sciclient_secureproxy.oer5f (.text.Sciclient_readThreadCount)
                  a66320d0    00000024                     : sciclient_secureproxy.oer5f (.text.Sciclient_verifyThread)
                  a66320f4    00000024     ipc.aer5f : ipc_virtio.oer5f (.text.Virtio_isRemoteLinux)
                  a6632118    00000024     ti.kernel.freertos.aer5f : queue.oer5f (.text.prvIsQueueEmpty)
                  a663213c    00000024                              : port.oer5f (.text.vApplicationGetIdleTaskMemory)
                  a6632160    00000024                              : port.oer5f (.text.vApplicationGetTimerTaskMemory)
                  a6632184    00000024                              : list.oer5f (.text.vListInitialise)
                  a66321a8    00000024     libclang_rt.builtins.a : aeabi_uldivmod.S.obj (.text)
                  a66321cc    00000020     ti.osal.aer5f : HwiP_freertos.oer5f (.text.HwiP_Params_init)
                  a66321ec    00000020     ipc.aer5f : ipc_utils.oer5f (.text.IpcUtils_Init)
                  a663220c    00000020     ti.csl.aer5f : mailbox.oer5f (.text.MailboxGetMessage)
                  a663222c    00000020     ti.osal.aer5f : Utils_freertos.oer5f (.text.Osal_DebugP_assert)
                  a663224c    00000020                   : DebugP_nonos.oer5f (.text.Osal_DebugP_assert_fcn)
                  a663226c    00000020     libc.a : args_main.c.obj (.text._args_main)
                  a663228c    00000020            : wcslen.c.obj (.text.wcslen)
                  a66322ac    00000020     ti.kernel.freertos.aer5f : tasks.oer5f (.text.xTaskGetTickCount)
                  a66322cc    0000001c     ipc.aer5f : ipc_utils.oer5f (.text.IpcUtils_Qremove)
                  a66322e8    0000001c               : ipc_soc.oer5f (.text.Ipc_getMailboxBaseAddr)
                  a6632304    0000001c               : ipc_mailbox.oer5f (.text.Ipc_mailboxModuleStartup)
                  a6632320    0000001c               : ipc_osal.oer5f (.text.Ipc_osalHIsrDelete)
                  a663233c    0000001c     ti.csl.aer5f : mailbox.oer5f (.text.MailboxGetRawNewMsgStatus)
                  a6632358    0000001c                  : mailbox.oer5f (.text.MailboxSendMessage)
                  a6632374    0000001c     ipc.aer5f : ipc_api.oer5f (.text.RPMessage_getRemoteEndPt)
                  a6632390    0000001c     libc.a : sscanf.c.obj (.text._inpchar)
                  a66323ac    0000001c     ti.kernel.freertos.aer5f : port.oer5f (.text.prvPorttimerTickIsr)
                  a66323c8    0000001c     ipc.aer5f : ipc_api.oer5f (.text.strlen)
                  a66323e4    0000001c     libc.a : _printfi.c.obj (.text.strlen)
                  a6632400    0000001c     ti.kernel.freertos.aer5f : tasks.oer5f (.text.vTaskInternalSetTimeOutState)
                  a663241c    0000001c     ipc.aer5f : ipc_api.oer5f (.text.virtio_callback)
                  a6632438    0000001c     libclang_rt.builtins.a : aeabi_memset.S.obj (.text)
                  a6632454    00000018     ti.csl.aer5f : interrupt.oer5f (.text.Intc_IntSetSrcType)
                  a663246c    00000018                  : interrupt.oer5f (.text.Intc_SystemDisable)
                  a6632484    00000018                  : interrupt.oer5f (.text.Intc_SystemEnable)
                  a663249c    00000018     ipc.aer5f : ipc_utils.oer5f (.text.IpcUtils_HeapDelete)
                  a66324b4    00000018     ti.csl.aer5f : mailbox.oer5f (.text.MailboxClrNewMsgStatus)
                  a66324cc    00000018                  : mailbox.oer5f (.text.MailboxDisableNewMsgInt)
                  a66324e4    00000018                  : mailbox.oer5f (.text.MailboxEnableNewMsgInt)
                  a66324fc    00000018     sciclient.aer5f : sciclient_secureproxy.oer5f (.text.Sciclient_threadStatusReg)
                  a6632514    00000018                     : sciclient.oer5f (.text.Sciclient_utilByteCopy)
                  a663252c    00000018     ti.kernel.freertos.aer5f : port.oer5f (.text._system_post_cinit)
                  a6632544    00000018                              : port.oer5f (.text.vPortYeildFromISR)
                  a663255c    00000018                              : tasks.oer5f (.text.vTaskEndScheduler)
                  a6632574    00000018                              : tasks.oer5f (.text.vTaskSuspendAll)
                  a663258c    00000018                              : port.oer5f (.text.xPortInIsrContext)
                  a66325a4    00000018     libc.a : copy_zero_init.c.obj (.text:decompress:ZI)
                  a66325bc    00000014     ti.csl.aer5f : csl_sec_proxy.oer5f (.text.CSL_secProxyGetDataAddr)
                  a66325d0    00000014     ipc.aer5f : ipc_utils.oer5f (.text.IpcUtils_Qdelete)
                  a66325e4    00000014               : ipc_utils.oer5f (.text.IpcUtils_QisEmpty)
                  a66325f8    00000014               : ipc_virtio.oer5f (.text.Ipc_loadResourceTable)
                  a663260c    00000014               : ipc_osal.oer5f (.text.Ipc_osalMutexLock)
                  a6632620    00000014     sciclient.aer5f : sciclient_rm_irq.oer5f (.text.Sciclient_rmIaIsIa)
                  a6632634    00000014                     : sciclient_rm_irq.oer5f (.text.Sciclient_rmIrIsIr)
                  a6632648    00000014                     : sciclient_rm.oer5f (.text.Sciclient_rmIrqRelease)
                  a663265c    00000014     ipc.aer5f : ipc_virtio.oer5f (.text.Virtio_getHandle)
                  a6632670    00000014     libc.a : vsprintf.c.obj (.text._outc)
                  a6632684    00000014     ipc.aer5f : ipc_virtio.oer5f (.text.mapPAtoVA)
                  a6632698    00000014     ti.osal.aer5f : Arch_util.oer5f (.text.osalArch_Init)
                  a66326ac    00000014     ti.kernel.freertos.aer5f : port.oer5f (.text.prvTaskExitError)
                  a66326c0    00000014                              : tasks.oer5f (.text.ulTaskGetIdleRunTimeCounter)
                  a66326d4    00000014                              : tasks.oer5f (.text.vTaskMissedYield)
                  a66326e8    00000014     libc.a : copy_decompress_none.c.obj (.text:decompress:none)
                  a66326fc    00000010     ti.csl.aer5f : csl_vim.oer5f (.text.CSL_vimGetFiqVectorAddress)
                  a663270c    00000010     ipc_testsetup.oer5f (.text.IpcTestPrint)
                  a663271c    00000010     ipc.aer5f : ipc_utils.oer5f (.text.IpcUtils_Qnext)
                  a663272c    00000010               : ipc_mp.oer5f (.text.Ipc_mpGetNumProcessors)
                  a663273c    00000010               : ipc_mp.oer5f (.text.Ipc_mpGetSelfId)
                  a663274c    00000010               : ipc_mp.oer5f (.text.Ipc_mpGetSelfName)
                  a663275c    00000010     libc.a : sscanf.c.obj (.text._uninpchar)
                  a663276c    00000010     main_rtos.oer5f (.text.taskFxn)
                  a663277c    00000010     ti.kernel.freertos.aer5f : port.oer5f (.text.vApplicationIdleHook)
                  a663278c    0000000c     ti.csl.aer5f : mailbox.oer5f (.text.MailboxGetMessageCount)
                  a6632798    0000000c     sciclient.aer5f : sciclient_indirect.oer5f (.text.Sciclient_service)
                  a66327a4    0000000c     ti.csl.aer5f : timer.oer5f (.text.TIMERIntStatusGet)
                  a66327b0    0000000c                  : timer.oer5f (.text.TIMERWritePostedStatusGet)
                  a66327bc    0000000c     ti.osal.aer5f : TimerP_default.oer5f (.text.TimerP_getDefaultFreqLo)
                  a66327c8    0000000c     libc.a : aeabi_portable.c.obj (.text.__aeabi_errno_addr)
                  a66327d4    0000000c     ipc.aer5f : ipc_api.oer5f (.text.getIpcObjInst)
                  a66327e0    0000000c     ti.kernel.freertos.aer5f : port.oer5f (.text.uiPortGetRunTimeCounterValue)
                  a66327ec    0000000c                              : list.oer5f (.text.vListInitialiseItem)
                  a66327f8    00000008     ipc.aer5f : ipc_virtio.oer5f (.text.Ipc_getVqObjMemoryRequiredPerCore)
                  a6632800    00000008               : ipc_osal.oer5f (.text.Ipc_osalHIsrGateCreate)
                  a6632808    00000008               : ipc_osal.oer5f (.text.Ipc_osalHIsrGateExit)
                  a6632810    00000008     ti.osal.aer5f : Arch_util.oer5f (.text.OsalArch_clearInterrupt)
                  a6632818    00000008                   : Arch_util.oer5f (.text.OsalArch_disableInterrupt)
                  a6632820    00000008                   : Arch_util.oer5f (.text.OsalArch_enableInterrupt)
                  a6632828    00000008                   : RegisterIntr_nonos.oer5f (.text.Osal_ClearInterrupt)
                  a6632830    00000008                   : RegisterIntr_nonos.oer5f (.text.Osal_DisableInterrupt)
                  a6632838    00000008                   : RegisterIntr_nonos.oer5f (.text.Osal_EnableInterrupt)
                  a6632840    00000008                   : TimerP_default.oer5f (.text.TimerP_getDefaultFreqHi)
                  a6632848    00000008     ipc.aer5f : ipc_virtio.oer5f (.text.Virtio_getProcId)
                  a6632850    00000008               : ipc_virtio.oer5f (.text.Virtio_isReady)
                  a6632858    00000008     libc.a : exit.c.obj (.text:abort)
                  a6632860    00000004     ti.osal.aer5f : HwiP_freertos.oer5f (.text.HwiP_enableInterrupt)
                  a6632864    00000004     ti.csl.aer5f : interrupt.oer5f (.text.Intc_SystemRestore)
                  a6632868    00000004     ipc.aer5f : ipc_osal.oer5f (.text.Ipc_osalHIsrGateDelete)
                  a663286c    00000004               : ipc_osal.oer5f (.text.Ipc_osalHIsrGateEnter)
                  a6632870    00000004               : ipc_osal.oer5f (.text.Ipc_osalMutexDelete)
                  a6632874    00000004               : ipc_osal.oer5f (.text.Ipc_osalMutexUnlock)
                  a6632878    00000004     ti.osal.aer5f : TaskP_freertos.oer5f (.text.OS_init)
                  a663287c    00000004                   : TaskP_freertos.oer5f (.text.OS_start)
                  a6632880    00000004                   : TaskP_freertos.oer5f (.text.OS_stop)
                  a6632884    00000004                   : Arch_util.oer5f (.text.OsalArch_globalDisableInterrupt)
                  a6632888    00000004                   : Arch_util.oer5f (.text.OsalArch_globalRestoreInterrupt)
                  a663288c    00000004     sciclient.aer5f : sciclient_rm.oer5f (.text.Sciclient_rmIrqSet)
                  a6632890    00000004                     : sciclient_rm.oer5f (.text.Sciclient_rmIrqTranslateIrOutput)
                  a6632894    00000004     ti.osal.aer5f : TaskP_freertos.oer5f (.text.TaskP_sleep)
                  a6632898    00000004     ti.kernel.freertos.aer5f : port.oer5f (.text.vPortConfigTimerForRunTimeStats)
                  a663289c    00000004                              : port.oer5f (.text.vPortEndScheduler)
                  a66328a0    00000004     libclang_rt.builtins.a : aeabi_div0.c.obj (.text.__aeabi_idiv0)
                  a66328a4    00000004     ti.kernel.freertos.aer5f : port.oer5f (.text.vPortValidateInterruptPriority)
                  a66328a8    00000004     libclang_rt.builtins.a : aeabi_memcpy.S.obj (.text)
                  a66328ac    00000004     --HOLE-- [fill = 00000000]
                  a66328b0    00000004                            : aeabi_div0.c.obj (.text.__aeabi_ldiv0)
                  a66328b4    00000008     ti.kernel.freertos.aer5f : portASM.oer5f (.tramp.vPortRestoreTaskContext.1)
                  a66328bc    00000004     --HOLE-- [fill = 00000000]

.sysmem    0    a66328c0    00008000     UNINITIALIZED
                  a66328c0    00000010     libc.a : memory.c.obj (.sysmem)
                  a66328d0    00007ff0     --HOLE--

.rodata    0    a663f200    000040f0     
                  a663f200    00001260     ipc.aer5f : ipc_soc.oer5f (.rodata.g_IPC_MailboxInfo)
                  a6640460    00000420     sciclient.aer5f : sciclient_fmwSecureProxyMap.oer5f (.rodata.gSciclientMap)
                  a6640880    000003a5     ipc.aer5f : ipc_api.oer5f (.rodata.str1.1)
                  a6640c25    000002c5     ipc_testsetup.oer5f (.rodata.str1.1)
                  a6640eea    00000002     --HOLE-- [fill = 00000000]
                  a6640eec    000002c0     r5f_mpu_j784s4_default.oer5f (.rodata.gCslR5MpuCfg)
                  a66411ac    00000294     sciclient.aer5f : sciclient_irq_rm.oer5f (.rodata.gRmIrqTree)
                  a6641440    0000012c     ipc.aer5f : ipc_virtio.oer5f (.rodata.str1.1)
                  a664156c    00000004     sciclient.aer5f : sciclient_irq_rm.oer5f (.rodata.gRmIrqTreeCount)
                  a6641570    00000101     libc.a : aeabi_ctype.S.obj (.rodata)
                  a6641671    000000e8     ti.osal.aer5f : TaskP_freertos.oer5f (.rodata.str1.1)
                  a6641759    000000be                   : TimerP_default.oer5f (.rodata.str1.1)
                  a6641817    00000001     --HOLE-- [fill = 00000000]
                  a6641818    00000080     libc.a : strtod.c.obj (.rodata.digits)
                  a6641898    0000007a     ti.kernel.freertos.aer5f : heap_4.oer5f (.rodata.str1.1)
                  a6641912    00000076                              : timers.oer5f (.rodata.str1.1)
                  a6641988    0000006d                              : tasks.oer5f (.rodata.str1.1)
                  a66419f5    00000068                              : queue.oer5f (.rodata.str1.1)
                  a6641a5d    00000060     ipc.aer5f : ipc_mailbox.oer5f (.rodata.str1.1)
                  a6641abd    00000055     ti.kernel.freertos.aer5f : port.oer5f (.rodata.str1.1)
                  a6641b12    00000049     ti.osal.aer5f : SemaphoreP_freertos.oer5f (.rodata.str1.1)
                  a6641b5b    00000001     --HOLE-- [fill = 00000000]
                  a6641b5c    00000004     sciclient.aer5f : sciclient_irq_rm.oer5f (.rodata.tisci_if_CODEC0)
                  a6641b60    00000048     libc.a : strtod.c.obj (.rodata.powerof10)
                  a6641ba8    00000040     sciclient.aer5f : sciclient_irq_rm.oer5f (.rodata.tisci_if_PCIE1)
                  a6641be8    0000003c                     : sciclient_irq_rm.oer5f (.rodata.tisci_if_GPIOMUX_INTRTR0)
                  a6641c24    00000038     main_rtos.oer5f (.rodata.str1.1)
                  a6641c5c    00000038     sciclient.aer5f : sciclient_irq_rm.oer5f (.rodata.tisci_if_NAVSS0_INTR_0)
                  a6641c94    00000038                     : sciclient_irq_rm.oer5f (.rodata.tisci_if_TIMESYNC_INTRTR0)
                  a6641ccc    00000033     ipc.aer5f : ipc_osal.oer5f (.rodata.str1.1)
                  a6641cff    00000001     --HOLE-- [fill = 00000000]
                  a6641d00    00000030               : ipc_soc.oer5f (.rodata.g_IPC_Mailbox_BasePhyAddr)
                  a6641d30    00000030     sciclient.aer5f : sciclient_irq_rm.oer5f (.rodata.tisci_if_WKUP_GPIOMUX_INTRTR0)
                  a6641d60    00000028     ipc.aer5f : ipc_soc.oer5f (.rodata..Lswitch.table.Ipc_setCoreEventId)
                  a6641d88    00000022     libc.a : _printfi.c.obj (.rodata.str1.1)
                  a6641daa    00000022     ti.osal.aer5f : TimerP_nonos.oer5f (.rodata.str1.1)
                  a6641dcc    00000020     sciclient.aer5f : sciclient_irq_rm.oer5f (.rodata.tisci_if_CMPEVENT_INTRTR0)
                  a6641dec    00000020                     : sciclient_irq_rm.oer5f (.rodata.tisci_if_MCU_SA3_SS0_INTAGGR_0)
                  a6641e0c    00000020                     : sciclient_irq_rm.oer5f (.rodata.tisci_if_NAVSS0)
                  a6641e2c    0000001c                     : sciclient_irq_rm.oer5f (.rodata.tisci_if_CPSW1)
                  a6641e48    00000018     ipc.aer5f : ipc_soc.oer5f (.rodata.map_src_id)
                  a6641e60    00000018     sciclient.aer5f : sciclient_irq_rm.oer5f (.rodata.tisci_if_DSS0)
                  a6641e78    00000018                     : sciclient_irq_rm.oer5f (.rodata.tisci_if_VUSR_DUAL0)
                  a6641e90    00000012     ipc.aer5f : ipc_soc.oer5f (.rodata.map_dst_id)
                  a6641ea2    00000012               : ipc_soc.oer5f (.rodata.req_subtype)
                  a6641eb4    00000012               : ipc_soc.oer5f (.rodata.req_type)
                  a6641ec6    00000002     --HOLE-- [fill = 00000000]
                  a6641ec8    00000010     ti.osal.aer5f : Arch_util.oer5f (.rodata.cst16)
                  a6641ed8    00000010     sciclient.aer5f : sciclient_irq_rm.oer5f (.rodata.tisci_if_DDR0)
                  a6641ee8    00000010                     : sciclient_irq_rm.oer5f (.rodata.tisci_if_DDR1)
                  a6641ef8    00000010                     : sciclient_irq_rm.oer5f (.rodata.tisci_if_MCU_CPSW0)
                  a6641f08    0000000d     libc.a : _scanfi.c.obj (.rodata.str1.1)
                  a6641f15    00000003     --HOLE-- [fill = 00000000]
                  a6641f18    0000000c     sciclient.aer5f : sciclient.oer5f (.rodata..L__const.Sciclient_init.semParams)
                  a6641f24    0000000c                     : sciclient_irq_rm.oer5f (.rodata.tisci_if_CSI_RX_IF0)
                  a6641f30    0000000c                     : sciclient_irq_rm.oer5f (.rodata.tisci_if_CSI_RX_IF1)
                  a6641f3c    0000000c                     : sciclient_irq_rm.oer5f (.rodata.tisci_if_MCU_NAVSS0_MCRC_0)
                  a6641f48    0000000c                     : sciclient_irq_rm.oer5f (.rodata.tisci_if_NAVSS0_MCRC_0)
                  a6641f54    0000000c                     : sciclient_irq_rm.oer5f (.rodata.tisci_if_USB0)
                  a6641f60    00000008     libc.a : _scanfi.c.obj (.rodata..L__const._sproc_float.special)
                  a6641f68    00000008     sciclient.aer5f : sciclient_irq_rm.oer5f (.rodata.CMPEVENT_INTRTR0_outp_0_3_to_COMPUTE_CLUSTER_J7AHP0_CLEC_0_soc_events_in_544_547)
                  a6641f70    00000008                     : sciclient_irq_rm.oer5f (.rodata.CMPEVENT_INTRTR0_outp_0_3_to_COMPUTE_CLUSTER_J7AHP0_GIC500SS_0_spi_544_547)
                  a6641f78    00000008                     : sciclient_irq_rm.oer5f (.rodata.CMPEVENT_INTRTR0_outp_12_15_to_NAVSS0_UDMASS_INTA_0_intaggr_levi_pend_108_111)
                  a6641f80    00000008                     : sciclient_irq_rm.oer5f (.rodata.CMPEVENT_INTRTR0_outp_4_7_to_MAIN2MCU_PLS_INTRTR0_in_96_99)
                  a6641f88    00000008                     : sciclient_irq_rm.oer5f (.rodata.CMPEVENT_INTRTR0_outp_8_11_to_R5FSS0_CORE0_intr_326_329)
                  a6641f90    00000008                     : sciclient_irq_rm.oer5f (.rodata.CMPEVENT_INTRTR0_outp_8_11_to_R5FSS0_CORE1_intr_326_329)
                  a6641f98    00000008                     : sciclient_irq_rm.oer5f (.rodata.CMPEVENT_INTRTR0_outp_8_11_to_R5FSS1_CORE0_intr_326_329)
                  a6641fa0    00000008                     : sciclient_irq_rm.oer5f (.rodata.CMPEVENT_INTRTR0_outp_8_11_to_R5FSS1_CORE1_intr_326_329)
                  a6641fa8    00000008                     : sciclient_irq_rm.oer5f (.rodata.CODEC0_vpu_wave521cl_intr_0_0_to_MAIN2MCU_LVL_INTRTR0_in_263_263)
                  a6641fb0    00000008                     : sciclient_irq_rm.oer5f (.rodata.CPSW1_cpts_comp_0_0_to_CMPEVENT_INTRTR0_in_11_11)
                  a6641fb8    00000008                     : sciclient_irq_rm.oer5f (.rodata.CPSW1_cpts_genf0_1_1_to_TIMESYNC_INTRTR0_in_18_18)
                  a6641fc0    00000008                     : sciclient_irq_rm.oer5f (.rodata.CPSW1_cpts_genf1_2_2_to_TIMESYNC_INTRTR0_in_19_19)
                  a6641fc8    00000008                     : sciclient_irq_rm.oer5f (.rodata.CPSW1_cpts_sync_3_3_to_TIMESYNC_INTRTR0_in_39_39)
                  a6641fd0    00000008                     : sciclient_irq_rm.oer5f (.rodata.CPSW1_evnt_pend_4_4_to_MAIN2MCU_LVL_INTRTR0_in_72_72)
                  a6641fd8    00000008                     : sciclient_irq_rm.oer5f (.rodata.CPSW1_mdio_pend_5_5_to_MAIN2MCU_LVL_INTRTR0_in_71_71)
                  a6641fe0    00000008                     : sciclient_irq_rm.oer5f (.rodata.CPSW1_stat_pend_6_6_to_MAIN2MCU_LVL_INTRTR0_in_70_70)
                  a6641fe8    00000008                     : sciclient_irq_rm.oer5f (.rodata.CSI_RX_IF0_csi_err_irq_0_0_to_MAIN2MCU_LVL_INTRTR0_in_255_255)
                  a6641ff0    00000008                     : sciclient_irq_rm.oer5f (.rodata.CSI_RX_IF0_csi_irq_1_1_to_MAIN2MCU_LVL_INTRTR0_in_254_254)
                  a6641ff8    00000008                     : sciclient_irq_rm.oer5f (.rodata.CSI_RX_IF0_csi_level_2_2_to_MAIN2MCU_LVL_INTRTR0_in_256_256)
                  a6642000    00000008                     : sciclient_irq_rm.oer5f (.rodata.CSI_RX_IF1_csi_err_irq_0_0_to_MAIN2MCU_LVL_INTRTR0_in_258_258)
                  a6642008    00000008                     : sciclient_irq_rm.oer5f (.rodata.CSI_RX_IF1_csi_irq_1_1_to_MAIN2MCU_LVL_INTRTR0_in_257_257)
                  a6642010    00000008                     : sciclient_irq_rm.oer5f (.rodata.CSI_RX_IF1_csi_level_2_2_to_MAIN2MCU_LVL_INTRTR0_in_259_259)
                  a6642018    00000008                     : sciclient_irq_rm.oer5f (.rodata.CSI_TX_IF_V2_0_csi_interrupt_0_0_to_MAIN2MCU_LVL_INTRTR0_in_250_250)
                  a6642020    00000008                     : sciclient_irq_rm.oer5f (.rodata.CSI_TX_IF_V2_0_csi_level_1_1_to_MAIN2MCU_LVL_INTRTR0_in_251_251)
                  a6642028    00000008                     : sciclient_irq_rm.oer5f (.rodata.CSI_TX_IF_V2_1_csi_interrupt_0_0_to_MAIN2MCU_LVL_INTRTR0_in_248_248)
                  a6642030    00000008                     : sciclient_irq_rm.oer5f (.rodata.CSI_TX_IF_V2_1_csi_level_1_1_to_MAIN2MCU_LVL_INTRTR0_in_249_249)
                  a6642038    00000008                     : sciclient_irq_rm.oer5f (.rodata.DCC0_intr_done_level_0_0_to_MAIN2MCU_LVL_INTRTR0_in_88_88)
                  a6642040    00000008                     : sciclient_irq_rm.oer5f (.rodata.DCC1_intr_done_level_0_0_to_MAIN2MCU_LVL_INTRTR0_in_89_89)
                  a6642048    00000008                     : sciclient_irq_rm.oer5f (.rodata.DCC2_intr_done_level_0_0_to_MAIN2MCU_LVL_INTRTR0_in_90_90)
                  a6642050    00000008                     : sciclient_irq_rm.oer5f (.rodata.DCC3_intr_done_level_0_0_to_MAIN2MCU_LVL_INTRTR0_in_91_91)
                  a6642058    00000008                     : sciclient_irq_rm.oer5f (.rodata.DCC4_intr_done_level_0_0_to_MAIN2MCU_LVL_INTRTR0_in_92_92)
                  a6642060    00000008                     : sciclient_irq_rm.oer5f (.rodata.DCC5_intr_done_level_0_0_to_MAIN2MCU_LVL_INTRTR0_in_93_93)
                  a6642068    00000008                     : sciclient_irq_rm.oer5f (.rodata.DCC6_intr_done_level_0_0_to_MAIN2MCU_LVL_INTRTR0_in_94_94)
                  a6642070    00000008                     : sciclient_irq_rm.oer5f (.rodata.DCC7_intr_done_level_0_0_to_MAIN2MCU_LVL_INTRTR0_in_95_95)
                  a6642078    00000008                     : sciclient_irq_rm.oer5f (.rodata.DCC8_intr_done_level_0_0_to_MAIN2MCU_LVL_INTRTR0_in_208_208)
                  a6642080    00000008                     : sciclient_irq_rm.oer5f (.rodata.DCC9_intr_done_level_0_0_to_MAIN2MCU_LVL_INTRTR0_in_209_209)
                  a6642088    00000008                     : sciclient_irq_rm.oer5f (.rodata.DDR0_ddrss_controller_0_0_to_MAIN2MCU_LVL_INTRTR0_in_10_10)
                  a6642090    00000008                     : sciclient_irq_rm.oer5f (.rodata.DDR0_ddrss_hs_phy_global_error_1_1_to_MAIN2MCU_LVL_INTRTR0_in_12_12)
                  a6642098    00000008                     : sciclient_irq_rm.oer5f (.rodata.DDR0_ddrss_pll_freq_change_req_2_2_to_MAIN2MCU_LVL_INTRTR0_in_9_9)
                  a66420a0    00000008                     : sciclient_irq_rm.oer5f (.rodata.DDR0_ddrss_v2a_other_err_lvl_3_3_to_MAIN2MCU_LVL_INTRTR0_in_11_11)
                  a66420a8    00000008                     : sciclient_irq_rm.oer5f (.rodata.DDR1_ddrss_controller_0_0_to_MAIN2MCU_LVL_INTRTR0_in_64_64)
                  a66420b0    00000008                     : sciclient_irq_rm.oer5f (.rodata.DDR1_ddrss_hs_phy_global_error_1_1_to_MAIN2MCU_LVL_INTRTR0_in_66_66)
                  a66420b8    00000008                     : sciclient_irq_rm.oer5f (.rodata.DDR1_ddrss_pll_freq_change_req_2_2_to_MAIN2MCU_LVL_INTRTR0_in_63_63)
                  a66420c0    00000008                     : sciclient_irq_rm.oer5f (.rodata.DDR1_ddrss_v2a_other_err_lvl_3_3_to_MAIN2MCU_LVL_INTRTR0_in_65_65)
                  a66420c8    00000008                     : sciclient_irq_rm.oer5f (.rodata.DMPAC0_INTD_0_system_intr_level_0_1_to_MAIN2MCU_LVL_INTRTR0_in_268_269)
                  a66420d0    00000008                     : sciclient_irq_rm.oer5f (.rodata.DSS0_dss_inst0_dispc_func_irq_proc0_0_0_to_MAIN2MCU_LVL_INTRTR0_in_226_226)
                  a66420d8    00000008                     : sciclient_irq_rm.oer5f (.rodata.DSS0_dss_inst0_dispc_func_irq_proc1_1_1_to_MAIN2MCU_LVL_INTRTR0_in_227_227)
                  a66420e0    00000008                     : sciclient_irq_rm.oer5f (.rodata.DSS0_dss_inst0_dispc_safety_error_irq_proc0_2_2_to_MAIN2MCU_LVL_INTRTR0_in_230_230)
                  a66420e8    00000008                     : sciclient_irq_rm.oer5f (.rodata.DSS0_dss_inst0_dispc_safety_error_irq_proc1_3_3_to_MAIN2MCU_LVL_INTRTR0_in_231_231)
                  a66420f0    00000008                     : sciclient_irq_rm.oer5f (.rodata.DSS0_dss_inst0_dispc_secure_irq_proc0_4_4_to_MAIN2MCU_LVL_INTRTR0_in_228_228)
                  a66420f8    00000008                     : sciclient_irq_rm.oer5f (.rodata.DSS0_dss_inst0_dispc_secure_irq_proc1_5_5_to_MAIN2MCU_LVL_INTRTR0_in_229_229)
                  a6642100    00000008                     : sciclient_irq_rm.oer5f (.rodata.DSS_DSI0_dsi_0_func_intr_0_0_to_MAIN2MCU_LVL_INTRTR0_in_224_224)
                  a6642108    00000008                     : sciclient_irq_rm.oer5f (.rodata.DSS_DSI1_dsi_0_func_intr_0_0_to_MAIN2MCU_LVL_INTRTR0_in_225_225)
                  a6642110    00000008                     : sciclient_irq_rm.oer5f (.rodata.DSS_EDP0_intr_0_3_to_MAIN2MCU_LVL_INTRTR0_in_238_241)
                  a6642118    00000008                     : sciclient_irq_rm.oer5f (.rodata.ECAP0_ecap_int_0_0_to_MAIN2MCU_PLS_INTRTR0_in_17_17)
                  a6642120    00000008                     : sciclient_irq_rm.oer5f (.rodata.ECAP1_ecap_int_0_0_to_MAIN2MCU_PLS_INTRTR0_in_18_18)
                  a6642128    00000008                     : sciclient_irq_rm.oer5f (.rodata.ECAP2_ecap_int_0_0_to_MAIN2MCU_PLS_INTRTR0_in_19_19)
                  a6642130    00000008                     : sciclient_irq_rm.oer5f (.rodata.ELM0_elm_porocpsinterrupt_lvl_0_0_to_MAIN2MCU_LVL_INTRTR0_in_7_7)
                  a6642138    00000008                     : sciclient_irq_rm.oer5f (.rodata.EPWM0_epwm_etint_0_0_to_MAIN2MCU_PLS_INTRTR0_in_2_2)
                  a6642140    00000008                     : sciclient_irq_rm.oer5f (.rodata.EPWM0_epwm_tripzint_1_1_to_MAIN2MCU_PLS_INTRTR0_in_8_8)
                  a6642148    00000008                     : sciclient_irq_rm.oer5f (.rodata.EPWM1_epwm_etint_0_0_to_MAIN2MCU_PLS_INTRTR0_in_3_3)
                  a6642150    00000008                     : sciclient_irq_rm.oer5f (.rodata.EPWM1_epwm_tripzint_1_1_to_MAIN2MCU_PLS_INTRTR0_in_9_9)
                  a6642158    00000008                     : sciclient_irq_rm.oer5f (.rodata.EPWM2_epwm_etint_0_0_to_MAIN2MCU_PLS_INTRTR0_in_4_4)
                  a6642160    00000008                     : sciclient_irq_rm.oer5f (.rodata.EPWM2_epwm_tripzint_1_1_to_MAIN2MCU_PLS_INTRTR0_in_10_10)
                  a6642168    00000008                     : sciclient_irq_rm.oer5f (.rodata.EPWM3_epwm_etint_0_0_to_MAIN2MCU_PLS_INTRTR0_in_5_5)
                  a6642170    00000008                     : sciclient_irq_rm.oer5f (.rodata.EPWM3_epwm_tripzint_1_1_to_MAIN2MCU_PLS_INTRTR0_in_11_11)
                  a6642178    00000008                     : sciclient_irq_rm.oer5f (.rodata.EPWM4_epwm_etint_0_0_to_MAIN2MCU_PLS_INTRTR0_in_6_6)
                  a6642180    00000008                     : sciclient_irq_rm.oer5f (.rodata.EPWM4_epwm_tripzint_1_1_to_MAIN2MCU_PLS_INTRTR0_in_12_12)
                  a6642188    00000008                     : sciclient_irq_rm.oer5f (.rodata.EPWM5_epwm_etint_0_0_to_MAIN2MCU_PLS_INTRTR0_in_7_7)
                  a6642190    00000008                     : sciclient_irq_rm.oer5f (.rodata.EPWM5_epwm_tripzint_1_1_to_MAIN2MCU_PLS_INTRTR0_in_13_13)
                  a6642198    00000008                     : sciclient_irq_rm.oer5f (.rodata.EQEP0_eqep_int_0_0_to_MAIN2MCU_PLS_INTRTR0_in_14_14)
                  a66421a0    00000008                     : sciclient_irq_rm.oer5f (.rodata.EQEP1_eqep_int_0_0_to_MAIN2MCU_PLS_INTRTR0_in_15_15)
                  a66421a8    00000008                     : sciclient_irq_rm.oer5f (.rodata.EQEP2_eqep_int_0_0_to_MAIN2MCU_PLS_INTRTR0_in_16_16)
                  a66421b0    00000008                     : sciclient_irq_rm.oer5f (.rodata.GPIO0_gpio_bank_0_7_to_GPIOMUX_INTRTR0_in_145_152)
                  a66421b8    00000008                     : sciclient_irq_rm.oer5f (.rodata.GPIO2_gpio_bank_0_7_to_GPIOMUX_INTRTR0_in_154_161)
                  a66421c0    00000008                     : sciclient_irq_rm.oer5f (.rodata.GPIO4_gpio_bank_0_7_to_GPIOMUX_INTRTR0_in_163_170)
                  a66421c8    00000008                     : sciclient_irq_rm.oer5f (.rodata.GPIO6_gpio_bank_0_7_to_GPIOMUX_INTRTR0_in_172_179)
                  a66421d0    00000008                     : sciclient_irq_rm.oer5f (.rodata.GPIOMUX_INTRTR0_outp_0_15_to_R5FSS0_CORE0_intr_396_411)
                  a66421d8    00000008                     : sciclient_irq_rm.oer5f (.rodata.GPIOMUX_INTRTR0_outp_0_15_to_R5FSS0_CORE1_intr_396_411)
                  a66421e0    00000008                     : sciclient_irq_rm.oer5f (.rodata.GPIOMUX_INTRTR0_outp_0_15_to_R5FSS1_CORE0_intr_396_411)
                  a66421e8    00000008                     : sciclient_irq_rm.oer5f (.rodata.GPIOMUX_INTRTR0_outp_0_15_to_R5FSS1_CORE1_intr_396_411)
                  a66421f0    00000008                     : sciclient_irq_rm.oer5f (.rodata.GPIOMUX_INTRTR0_outp_0_31_to_MAIN2MCU_PLS_INTRTR0_in_64_95)
                  a66421f8    00000008                     : sciclient_irq_rm.oer5f (.rodata.GPIOMUX_INTRTR0_outp_0_7_to_ESM0_esm_pls_event0_664_671)
                  a6642200    00000008                     : sciclient_irq_rm.oer5f (.rodata.GPIOMUX_INTRTR0_outp_0_7_to_ESM0_esm_pls_event1_672_679)
                  a6642208    00000008                     : sciclient_irq_rm.oer5f (.rodata.GPIOMUX_INTRTR0_outp_0_7_to_ESM0_esm_pls_event2_680_687)
                  a6642210    00000008                     : sciclient_irq_rm.oer5f (.rodata.GPIOMUX_INTRTR0_outp_16_31_to_NAVSS0_UDMASS_INTA_0_intaggr_levi_pend_116_131)
                  a6642218    00000008                     : sciclient_irq_rm.oer5f (.rodata.GPIOMUX_INTRTR0_outp_16_31_to_R5FSS0_CORE0_intr_176_191)
                  a6642220    00000008                     : sciclient_irq_rm.oer5f (.rodata.GPIOMUX_INTRTR0_outp_16_31_to_R5FSS0_CORE1_intr_176_191)
                  a6642228    00000008                     : sciclient_irq_rm.oer5f (.rodata.GPIOMUX_INTRTR0_outp_16_31_to_R5FSS1_CORE0_intr_176_191)
                  a6642230    00000008                     : sciclient_irq_rm.oer5f (.rodata.GPIOMUX_INTRTR0_outp_16_31_to_R5FSS1_CORE1_intr_176_191)
                  a6642238    00000008                     : sciclient_irq_rm.oer5f (.rodata.GPIOMUX_INTRTR0_outp_8_63_to_COMPUTE_CLUSTER_J7AHP0_CLEC_0_soc_events_in_392_447)
                  a6642240    00000008                     : sciclient_irq_rm.oer5f (.rodata.GPIOMUX_INTRTR0_outp_8_63_to_COMPUTE_CLUSTER_J7AHP0_GIC500SS_0_spi_392_447)
                  a6642248    00000008                     : sciclient_irq_rm.oer5f (.rodata.GPMC0_gpmc_sinterrupt_0_0_to_MAIN2MCU_LVL_INTRTR0_in_8_8)
                  a6642250    00000008                     : sciclient_irq_rm.oer5f (.rodata.GTC0_gtc_push_event_0_0_to_TIMESYNC_INTRTR0_in_1_1)
                  a6642258    00000008                     : sciclient_irq_rm.oer5f (.rodata.I2C0_pointrpend_0_0_to_MAIN2MCU_LVL_INTRTR0_in_56_56)
                  a6642260    00000008                     : sciclient_irq_rm.oer5f (.rodata.I2C1_pointrpend_0_0_to_MAIN2MCU_LVL_INTRTR0_in_57_57)
                  a6642268    00000008                     : sciclient_irq_rm.oer5f (.rodata.I2C2_pointrpend_0_0_to_MAIN2MCU_LVL_INTRTR0_in_58_58)
                  a6642270    00000008                     : sciclient_irq_rm.oer5f (.rodata.I2C3_pointrpend_0_0_to_MAIN2MCU_LVL_INTRTR0_in_59_59)
                  a6642278    00000008                     : sciclient_irq_rm.oer5f (.rodata.I2C4_pointrpend_0_0_to_MAIN2MCU_LVL_INTRTR0_in_60_60)
                  a6642280    00000008                     : sciclient_irq_rm.oer5f (.rodata.I2C5_pointrpend_0_0_to_MAIN2MCU_LVL_INTRTR0_in_61_61)
                  a6642288    00000008                     : sciclient_irq_rm.oer5f (.rodata.I2C6_pointrpend_0_0_to_MAIN2MCU_LVL_INTRTR0_in_62_62)
                  a6642290    00000008                     : sciclient_irq_rm.oer5f (.rodata.J7AEP_GPU_BXS464_WRAP0_GPU_SS_0_os_irq_0_3_to_MAIN2MCU_LVL_INTRTR0_in_312_315)
                  a6642298    00000008                     : sciclient_irq_rm.oer5f (.rodata.J7AEP_GPU_BXS464_WRAP0_gpu_pwrctrl_req_0_0_to_MAIN2MCU_LVL_INTRTR0_in_316_316)
                  a66422a0    00000008                     : sciclient_irq_rm.oer5f (.rodata.MAIN2MCU_LVL_INTRTR0_outl_0_63_to_MCU_R5FSS0_CORE0_intr_160_223)
                  a66422a8    00000008                     : sciclient_irq_rm.oer5f (.rodata.MAIN2MCU_LVL_INTRTR0_outl_0_63_to_MCU_R5FSS0_CORE1_intr_160_223)
                  a66422b0    00000008                     : sciclient_irq_rm.oer5f (.rodata.MAIN2MCU_PLS_INTRTR0_outp_0_47_to_MCU_R5FSS0_CORE0_intr_224_271)
                  a66422b8    00000008                     : sciclient_irq_rm.oer5f (.rodata.MAIN2MCU_PLS_INTRTR0_outp_0_47_to_MCU_R5FSS0_CORE1_intr_224_271)
                  a66422c0    00000008                     : sciclient_irq_rm.oer5f (.rodata.MCAN0_mcanss_ext_ts_rollover_lvl_int_0_0_to_MAIN2MCU_LVL_INTRTR0_in_18_18)
                  a66422c8    00000008                     : sciclient_irq_rm.oer5f (.rodata.MCAN0_mcanss_mcan_lvl_int_1_2_to_MAIN2MCU_LVL_INTRTR0_in_16_17)
                  a66422d0    00000008                     : sciclient_irq_rm.oer5f (.rodata.MCAN10_mcanss_ext_ts_rollover_lvl_int_0_0_to_MAIN2MCU_LVL_INTRTR0_in_298_298)
                  a66422d8    00000008                     : sciclient_irq_rm.oer5f (.rodata.MCAN10_mcanss_mcan_lvl_int_1_2_to_MAIN2MCU_LVL_INTRTR0_in_296_297)
                  a66422e0    00000008                     : sciclient_irq_rm.oer5f (.rodata.MCAN11_mcanss_ext_ts_rollover_lvl_int_0_0_to_MAIN2MCU_LVL_INTRTR0_in_301_301)
                  a66422e8    00000008                     : sciclient_irq_rm.oer5f (.rodata.MCAN11_mcanss_mcan_lvl_int_1_2_to_MAIN2MCU_LVL_INTRTR0_in_299_300)
                  a66422f0    00000008                     : sciclient_irq_rm.oer5f (.rodata.MCAN12_mcanss_ext_ts_rollover_lvl_int_0_0_to_MAIN2MCU_LVL_INTRTR0_in_304_304)
                  a66422f8    00000008                     : sciclient_irq_rm.oer5f (.rodata.MCAN12_mcanss_mcan_lvl_int_1_2_to_MAIN2MCU_LVL_INTRTR0_in_302_303)
                  a6642300    00000008                     : sciclient_irq_rm.oer5f (.rodata.MCAN13_mcanss_ext_ts_rollover_lvl_int_0_0_to_MAIN2MCU_LVL_INTRTR0_in_307_307)
                  a6642308    00000008                     : sciclient_irq_rm.oer5f (.rodata.MCAN13_mcanss_mcan_lvl_int_1_2_to_MAIN2MCU_LVL_INTRTR0_in_305_306)
                  a6642310    00000008                     : sciclient_irq_rm.oer5f (.rodata.MCAN14_mcanss_ext_ts_rollover_lvl_int_0_0_to_MAIN2MCU_LVL_INTRTR0_in_162_162)
                  a6642318    00000008                     : sciclient_irq_rm.oer5f (.rodata.MCAN14_mcanss_mcan_lvl_int_1_2_to_MAIN2MCU_LVL_INTRTR0_in_160_161)
                  a6642320    00000008                     : sciclient_irq_rm.oer5f (.rodata.MCAN15_mcanss_ext_ts_rollover_lvl_int_0_0_to_MAIN2MCU_LVL_INTRTR0_in_165_165)
                  a6642328    00000008                     : sciclient_irq_rm.oer5f (.rodata.MCAN15_mcanss_mcan_lvl_int_1_2_to_MAIN2MCU_LVL_INTRTR0_in_163_164)
                  a6642330    00000008                     : sciclient_irq_rm.oer5f (.rodata.MCAN16_mcanss_ext_ts_rollover_lvl_int_0_0_to_MAIN2MCU_LVL_INTRTR0_in_172_172)
                  a6642338    00000008                     : sciclient_irq_rm.oer5f (.rodata.MCAN16_mcanss_mcan_lvl_int_1_2_to_MAIN2MCU_LVL_INTRTR0_in_170_171)
                  a6642340    00000008                     : sciclient_irq_rm.oer5f (.rodata.MCAN17_mcanss_ext_ts_rollover_lvl_int_0_0_to_MAIN2MCU_LVL_INTRTR0_in_175_175)
                  a6642348    00000008                     : sciclient_irq_rm.oer5f (.rodata.MCAN17_mcanss_mcan_lvl_int_1_2_to_MAIN2MCU_LVL_INTRTR0_in_173_174)
                  a6642350    00000008                     : sciclient_irq_rm.oer5f (.rodata.MCAN1_mcanss_ext_ts_rollover_lvl_int_0_0_to_MAIN2MCU_LVL_INTRTR0_in_21_21)
                  a6642358    00000008                     : sciclient_irq_rm.oer5f (.rodata.MCAN1_mcanss_mcan_lvl_int_1_2_to_MAIN2MCU_LVL_INTRTR0_in_19_20)
                  a6642360    00000008                     : sciclient_irq_rm.oer5f (.rodata.MCAN2_mcanss_ext_ts_rollover_lvl_int_0_0_to_MAIN2MCU_LVL_INTRTR0_in_24_24)
                  a6642368    00000008                     : sciclient_irq_rm.oer5f (.rodata.MCAN2_mcanss_mcan_lvl_int_1_2_to_MAIN2MCU_LVL_INTRTR0_in_22_23)
                  a6642370    00000008                     : sciclient_irq_rm.oer5f (.rodata.MCAN3_mcanss_ext_ts_rollover_lvl_int_0_0_to_MAIN2MCU_LVL_INTRTR0_in_27_27)
                  a6642378    00000008                     : sciclient_irq_rm.oer5f (.rodata.MCAN3_mcanss_mcan_lvl_int_1_2_to_MAIN2MCU_LVL_INTRTR0_in_25_26)
[...]
a6642998  UART8_usart_irq_0_0_to_MAIN2MCU_LVL_INTRTR0_in_104_104                                        
a66429a0  UART9_usart_irq_0_0_to_MAIN2MCU_LVL_INTRTR0_in_105_105                                        
a66429a8  USB0_host_system_error_0_0_to_MAIN2MCU_LVL_INTRTR0_in_157_157                                 
a66429b0  USB0_irq_1_8_to_MAIN2MCU_LVL_INTRTR0_in_128_135                                               
a66429b8  USB0_otgirq_9_9_to_MAIN2MCU_LVL_INTRTR0_in_152_152                                            
a66429c0  VPAC0_vpac_level_0_5_to_MAIN2MCU_LVL_INTRTR0_in_270_275                                       
a66429c8  VUSR_DUAL0_v0_mcp_hi_intlvl_0_0_to_MAIN2MCU_LVL_INTRTR0_in_84_84                              
a66429d0  VUSR_DUAL0_v0_mcp_lo_intlvl_1_1_to_MAIN2MCU_LVL_INTRTR0_in_83_83                              
a66429d8  VUSR_DUAL0_v0_vusr_intlvl_2_2_to_MAIN2MCU_LVL_INTRTR0_in_82_82                                
a66429e0  VUSR_DUAL0_v1_mcp_hi_intlvl_3_3_to_MAIN2MCU_LVL_INTRTR0_in_87_87                              
a66429e8  VUSR_DUAL0_v1_mcp_lo_intlvl_4_4_to_MAIN2MCU_LVL_INTRTR0_in_86_86                              
a66429f0  VUSR_DUAL0_v1_vusr_intlvl_5_5_to_MAIN2MCU_LVL_INTRTR0_in_85_85                                
a66429f8  WKUP_GPIO0_gpio_bank_0_5_to_WKUP_GPIOMUX_INTRTR0_in_103_108                                   
a6642a00  WKUP_GPIO1_gpio_bank_0_5_to_WKUP_GPIOMUX_INTRTR0_in_112_117                                   
a6642a08  WKUP_GPIOMUX_INTRTR0_outp_0_15_to_MCU_R5FSS0_CORE0_intr_124_139                               
a6642a10  WKUP_GPIOMUX_INTRTR0_outp_0_15_to_MCU_R5FSS0_CORE1_intr_124_139                               
a6642a18  WKUP_GPIOMUX_INTRTR0_outp_12_19_to_MCU_NAVSS0_UDMASS_INTA_0_intaggr_levi_pend_4_11            
a6642a20  WKUP_GPIOMUX_INTRTR0_outp_16_31_to_COMPUTE_CLUSTER_J7AHP0_CLEC_0_soc_events_in_960_975        
a6642a28  WKUP_GPIOMUX_INTRTR0_outp_16_31_to_COMPUTE_CLUSTER_J7AHP0_GIC500SS_0_spi_960_975              
a6642a30  WKUP_GPIOMUX_INTRTR0_outp_16_31_to_R5FSS0_CORE0_intr_488_503                                  
a6642a38  WKUP_GPIOMUX_INTRTR0_outp_16_31_to_R5FSS0_CORE1_intr_488_503                                  
a6642a40  WKUP_GPIOMUX_INTRTR0_outp_16_31_to_R5FSS1_CORE0_intr_488_503                                  
a6642a48  WKUP_GPIOMUX_INTRTR0_outp_16_31_to_R5FSS1_CORE1_intr_488_503                                  
a6642a50  WKUP_GPIOMUX_INTRTR0_outp_8_15_to_WKUP_ESM0_esm_pls_event0_120_127                            
a6642a58  WKUP_GPIOMUX_INTRTR0_outp_8_15_to_WKUP_ESM0_esm_pls_event1_128_135                            
a6642a60  WKUP_GPIOMUX_INTRTR0_outp_8_15_to_WKUP_ESM0_esm_pls_event2_136_143                            
a6642a68  tisci_if_CSI_TX_IF_V2_0                                                                       
a6642a70  tisci_if_CSI_TX_IF_V2_1                                                                       
a6642a78  tisci_if_EPWM0                                                                                
a6642a80  tisci_if_EPWM1                                                                                
a6642a88  tisci_if_EPWM2                                                                                
a6642a90  tisci_if_EPWM3                                                                                
a6642a98  tisci_if_EPWM4                                                                                
a6642aa0  tisci_if_EPWM5                                                                                
a6642aa8  tisci_if_MAIN2MCU_LVL_INTRTR0                                                                 
a6642ab0  tisci_if_MAIN2MCU_PLS_INTRTR0                                                                 
a6642ab8  tisci_if_MCAN0                                                                                
a6642ac0  tisci_if_MCAN10                                                                               
a6642ac8  tisci_if_MCAN11                                                                               
a6642ad0  tisci_if_MCAN12                                                                               
a6642ad8  tisci_if_MCAN13                                                                               
a6642ae0  tisci_if_MCAN14                                                                               
a6642ae8  tisci_if_MCAN15                                                                               
a6642af0  tisci_if_MCAN16                                                                               
a6642af8  tisci_if_MCAN17                                                                               
a6642b00  tisci_if_MCAN1                                                                                
a6642b08  tisci_if_MCAN2                                                                                
a6642b10  tisci_if_MCAN3                                                                                
a6642b18  tisci_if_MCAN4                                                                                
a6642b20  tisci_if_MCAN5                                                                                
a6642b28  tisci_if_MCAN6                                                                                
a6642b30  tisci_if_MCAN7                                                                                
a6642b38  tisci_if_MCAN8                                                                                
a6642b40  tisci_if_MCAN9                                                                                
a6642b48  tisci_if_MCASP0                                                                               
a6642b50  tisci_if_MCASP1                                                                               
a6642b58  tisci_if_MCASP2                                                                               
a6642b60  tisci_if_MCASP3                                                                               
a6642b68  tisci_if_MCASP4                                                                               
a6642b70  tisci_if_MCU_NAVSS0_INTR_ROUTER_0                                                             
a6642b78  tisci_if_NAVSS0_MAILBOX1_0                                                                    
a6642b80  tisci_if_NAVSS0_MAILBOX1_10                                                                   
a6642b88  tisci_if_NAVSS0_MAILBOX1_11                                                                   
a6642b90  tisci_if_NAVSS0_MAILBOX1_1                                                                    
a6642b98  tisci_if_NAVSS0_MAILBOX1_2                                                                    
a6642ba0  tisci_if_NAVSS0_MAILBOX1_3                                                                    
a6642ba8  tisci_if_NAVSS0_MAILBOX1_4                                                                    
a6642bb0  tisci_if_NAVSS0_MAILBOX1_5                                                                    
a6642bb8  tisci_if_NAVSS0_MAILBOX1_6                                                                    
a6642bc0  tisci_if_NAVSS0_MAILBOX1_7                                                                    
a6642bc8  tisci_if_NAVSS0_MAILBOX1_8                                                                    
a6642bd0  tisci_if_NAVSS0_MAILBOX1_9                                                                    
a6642bd8  tisci_if_NAVSS0_MAILBOX_0                                                                     
a6642be0  tisci_if_NAVSS0_MAILBOX_10                                                                    
a6642be8  tisci_if_NAVSS0_MAILBOX_11                                                                    
a6642bf0  tisci_if_NAVSS0_MAILBOX_1                                                                     
a6642bf8  tisci_if_NAVSS0_MAILBOX_2                                                                     
a6642c00  tisci_if_NAVSS0_MAILBOX_3                                                                     
a6642c08  tisci_if_NAVSS0_MAILBOX_4                                                                     
a6642c10  tisci_if_NAVSS0_MAILBOX_5                                                                     
a6642c18  tisci_if_NAVSS0_MAILBOX_6                                                                     
a6642c20  tisci_if_NAVSS0_MAILBOX_7                                                                     
a6642c28  tisci_if_NAVSS0_MAILBOX_8                                                                     
a6642c30  tisci_if_NAVSS0_MAILBOX_9                                                                     
a6642c38  tisci_if_SA2_UL0                                                                              
a6642c40  tisci_if_TIMER14                                                                              
a6642c48  tisci_if_TIMER15                                                                              
a6642c50  tisci_if_TIMER16                                                                              
a6642c58  tisci_if_TIMER17                                                                              
a6642c60  tisci_if_TIMER18                                                                              
a6642c68  tisci_if_TIMER19                                                                              
a66431ac  tisci_if_DCC0                                                                                 
a66431b0  tisci_if_DCC1                                                                                 
a66431b4  tisci_if_DCC2                                                                                 
a66431b8  tisci_if_DCC3                                                                                 
a66431bc  tisci_if_DCC4                                                                                 
a66431c0  tisci_if_DCC5                                                                                 
a66431c4  tisci_if_DCC6                                                                                 
a66431c8  tisci_if_DCC7                                                                                 
a66431cc  tisci_if_DCC8                                                                                 
a66431d0  tisci_if_DCC9                                                                                 
a66431d4  tisci_if_DMPAC0_INTD_0                                                                        
a66431d8  tisci_if_DSS_DSI0                                                                             
a66431dc  tisci_if_DSS_DSI1                                                                             
a66431e0  tisci_if_DSS_EDP0                                                                             
a66431e4  tisci_if_ECAP0                                                                                
a66431e8  tisci_if_ECAP1                                                                                
a66431ec  tisci_if_ECAP2                                                                                
a66431f0  tisci_if_ELM0                                                                                 
a66431f4  tisci_if_EQEP0                                                                                
a66431f8  tisci_if_EQEP1                                                                                
a66431fc  tisci_if_EQEP2                                                                                
a6643200  tisci_if_GPIO0                                                                                
a6643204  tisci_if_GPIO2                                                                                
a6643208  tisci_if_GPIO4                                                                                
a664320c  tisci_if_GPIO6                                                                                
a6643210  tisci_if_GPMC0                                                                                
a6643214  tisci_if_GTC0                                                                                 
a6643218  tisci_if_I2C0                                                                                 
a664321c  tisci_if_I2C1                                                                                 
a6643220  tisci_if_I2C2                                                                                 
a6643224  tisci_if_I2C3                                                                                 
a6643228  tisci_if_I2C4                                                                                 
a664322c  tisci_if_I2C5                                                                                 
a6643230  tisci_if_I2C6                                                                                 
a6643234  tisci_if_J7AEP_GPU_BXS464_WRAP0                                                               
a6643238  tisci_if_J7AEP_GPU_BXS464_WRAP0_GPU_SS_0                                                      
a664323c  tisci_if_MCSPI0                                                                               
a6643240  tisci_if_MCSPI1                                                                               
a6643244  tisci_if_MCSPI2                                                                               
a6643248  tisci_if_MCSPI3                                                                               
a664324c  tisci_if_MCSPI4                                                                               
a6643250  tisci_if_MCSPI5                                                                               
a6643254  tisci_if_MCSPI6                                                                               
a6643258  tisci_if_MCSPI7                                                                               
a664325c  tisci_if_MCU_NAVSS0_UDMASS_INTA_0                                                             
a6643260  tisci_if_MMCSD0                                                                               
a6643264  tisci_if_MMCSD1                                                                               
a6643268  tisci_if_NAVSS0_CPTS_0                                                                        
a664326c  tisci_if_NAVSS0_MODSS_INTA_0                                                                  
a6643270  tisci_if_NAVSS0_MODSS_INTA_1                                                                  
a6643274  tisci_if_NAVSS0_PVU_0                                                                         
a6643278  tisci_if_NAVSS0_PVU_1                                                                         
a664327c  tisci_if_NAVSS0_UDMASS_INTA_0                                                                 
a6643280  tisci_if_TIMER0                                                                               
a6643284  tisci_if_TIMER10                                                                              
a6643288  tisci_if_TIMER11                                                                              
a664328c  tisci_if_TIMER12                                                                              
a6643290  tisci_if_TIMER13                                                                              
a6643294  tisci_if_TIMER1                                                                               
a6643298  tisci_if_TIMER2                                                                               
a664329c  tisci_if_TIMER3                                                                               
a66432a0  tisci_if_TIMER4                                                                               
a66432a4  tisci_if_TIMER5                                                                               
a66432a8  tisci_if_TIMER6                                                                               
a66432ac  tisci_if_TIMER7                                                                               
a66432b0  tisci_if_TIMER8                                                                               
a66432b4  tisci_if_TIMER9                                                                               
a66432b8  tisci_if_UART0                                                                                
a66432bc  tisci_if_UART1                                                                                
a66432c0  tisci_if_UART2                                                                                
a66432c4  tisci_if_UART3                                                                                
a66432c8  tisci_if_UART4                                                                                
a66432cc  tisci_if_UART5                                                                                
a66432d0  tisci_if_UART6                                                                                
a66432d4  tisci_if_UART7                                                                                
a66432d8  tisci_if_UART8                                                                                
a66432dc  tisci_if_UART9                                                                                
a66432e0  tisci_if_VPAC0                                                                                
a66432e4  tisci_if_WKUP_GPIO0                                                                           
a66432e8  tisci_if_WKUP_GPIO1                                                                           
a66432ec  uxTopUsedPriority                                                                             
a6ffac00  __UND_STACK_START                                                                             
a6ffad00  __SVC_STACK_START                                                                             
a6ffad00  __UND_STACK_END                                                                               
a6ffae00  __IRQ_STACK_START                                                                             
a6ffae00  __SVC_STACK_END                                                                               
a6ffbe00  __FIQ_STACK_START                                                                             
a6ffbe00  __IRQ_STACK_END                                                                               
a6ffbf00  __ABORT_STACK_START                                                                           
a6ffbf00  __FIQ_STACK_END                                                                               
a6ffc000  __ABORT_STACK_END                                                                             
a6ffc000  __stack                                                                                       
a7000000  __STACK_END                                                                                   
ffffffff  __TI_pprof_out_hndl                                                                           
ffffffff  __TI_prof_data_size                                                                           
ffffffff  __TI_prof_data_start                                                                          
ffffffff  __binit__                                                                                     
ffffffff  binit                                                                                         
UNDEFED   __c_args__                                                                                    

[1001 symbols]
